[2026-05-27T13:11:14.352+0000] {local_task_job_runner.py:120} INFO - ::group::Pre task execution logs
[2026-05-27T13:11:14.397+0000] {taskinstance.py:2076} INFO - Dependencies all met for dep_context=non-requeueable deps ti=<TaskInstance: update_db.staging_table scheduled__2026-05-26T12:00:00+00:00 [queued]>
[2026-05-27T13:11:14.415+0000] {taskinstance.py:2076} INFO - Dependencies all met for dep_context=requeueable deps ti=<TaskInstance: update_db.staging_table scheduled__2026-05-26T12:00:00+00:00 [queued]>
[2026-05-27T13:11:14.419+0000] {taskinstance.py:2306} INFO - Starting attempt 1 of 1
[2026-05-27T13:11:14.448+0000] {taskinstance.py:2330} INFO - Executing <Task(_PythonDecoratedOperator): staging_table> on 2026-05-26 12:00:00+00:00
[2026-05-27T13:11:14.457+0000] {standard_task_runner.py:63} INFO - Started process 1398 to run task
[2026-05-27T13:11:14.466+0000] {standard_task_runner.py:90} INFO - Running: ['airflow', 'tasks', 'run', 'update_db', 'staging_table', 'scheduled__2026-05-26T12:00:00+00:00', '--job-id', '9', '--raw', '--subdir', 'DAGS_FOLDER/main.py', '--cfg-path', '/tmp/tmpzd129wfm']
[2026-05-27T13:11:14.469+0000] {standard_task_runner.py:91} INFO - Job 9: Subtask staging_table
[2026-05-27T13:11:14.607+0000] {task_command.py:426} INFO - Running <TaskInstance: update_db.staging_table scheduled__2026-05-26T12:00:00+00:00 [running]> on host 45f4c0936dbd
[2026-05-27T13:11:14.746+0000] {taskinstance.py:2648} INFO - Exporting env vars: AIRFLOW_CTX_DAG_EMAIL='data@engineers.com' AIRFLOW_CTX_DAG_OWNER='dataengineers' AIRFLOW_CTX_DAG_ID='update_db' AIRFLOW_CTX_TASK_ID='staging_table' AIRFLOW_CTX_EXECUTION_DATE='2026-05-26T12:00:00+00:00' AIRFLOW_CTX_TRY_NUMBER='1' AIRFLOW_CTX_DAG_RUN_ID='scheduled__2026-05-26T12:00:00+00:00'
[2026-05-27T13:11:14.750+0000] {taskinstance.py:430} INFO - ::endgroup::
[2026-05-27T13:11:14.790+0000] {base.py:84} INFO - Using connection ID 'postgres_db_yt_elt' for task execution.
[2026-05-27T13:11:14.797+0000] {data_loading.py:12} INFO - Processing file: MrBeast_youtube_data_2026-05-27
[2026-05-27T13:11:14.803+0000] {base.py:84} INFO - Using connection ID 'postgres_db_yt_elt' for task execution.
[2026-05-27T13:11:14.818+0000] {base.py:84} INFO - Using connection ID 'postgres_db_yt_elt' for task execution.
[2026-05-27T13:11:14.912+0000] {dwh.py:44} INFO - staging table update completed
[2026-05-27T13:11:14.913+0000] {python.py:237} INFO - Done. Returned value was: None
[2026-05-27T13:11:14.917+0000] {taskinstance.py:441} INFO - ::group::Post task execution logs
[2026-05-27T13:11:14.936+0000] {taskinstance.py:1206} INFO - Marking task as SUCCESS. dag_id=update_db, task_id=staging_table, run_id=scheduled__2026-05-26T12:00:00+00:00, execution_date=20260526T120000, start_date=20260527T131114, end_date=20260527T131114
[2026-05-27T13:11:15.001+0000] {local_task_job_runner.py:240} INFO - Task exited with return code 0
[2026-05-27T13:11:15.067+0000] {taskinstance.py:3503} INFO - 1 downstream tasks scheduled from follow-on schedule check
[2026-05-27T13:11:15.071+0000] {local_task_job_runner.py:222} INFO - ::endgroup::
