[2026-05-26T09:55:19.630+0000] {local_task_job_runner.py:120} INFO - ::group::Pre task execution logs
[2026-05-26T09:55:19.651+0000] {taskinstance.py:2076} INFO - Dependencies all met for dep_context=non-requeueable deps ti=<TaskInstance: update_db.core_table manual__2026-05-26T09:55:17.283581+00:00 [queued]>
[2026-05-26T09:55:19.658+0000] {taskinstance.py:2076} INFO - Dependencies all met for dep_context=requeueable deps ti=<TaskInstance: update_db.core_table manual__2026-05-26T09:55:17.283581+00:00 [queued]>
[2026-05-26T09:55:19.659+0000] {taskinstance.py:2306} INFO - Starting attempt 1 of 1
[2026-05-26T09:55:19.670+0000] {taskinstance.py:2330} INFO - Executing <Task(_PythonDecoratedOperator): core_table> on 2026-05-26 09:55:17.283581+00:00
[2026-05-26T09:55:19.674+0000] {standard_task_runner.py:63} INFO - Started process 173 to run task
[2026-05-26T09:55:19.678+0000] {standard_task_runner.py:90} INFO - Running: ['airflow', 'tasks', 'run', 'update_db', 'core_table', 'manual__2026-05-26T09:55:17.283581+00:00', '--job-id', '50', '--raw', '--subdir', 'DAGS_FOLDER/main.py', '--cfg-path', '/tmp/tmpqftzwgw0']
[2026-05-26T09:55:19.679+0000] {standard_task_runner.py:91} INFO - Job 50: Subtask core_table
[2026-05-26T09:55:19.734+0000] {task_command.py:426} INFO - Running <TaskInstance: update_db.core_table manual__2026-05-26T09:55:17.283581+00:00 [running]> on host 9a60ef36f17b
[2026-05-26T09:55:19.803+0000] {taskinstance.py:2648} INFO - Exporting env vars: AIRFLOW_CTX_DAG_EMAIL='data@engineers.com' AIRFLOW_CTX_DAG_OWNER='dataengineers' AIRFLOW_CTX_DAG_ID='update_db' AIRFLOW_CTX_TASK_ID='core_table' AIRFLOW_CTX_EXECUTION_DATE='2026-05-26T09:55:17.283581+00:00' AIRFLOW_CTX_TRY_NUMBER='1' AIRFLOW_CTX_DAG_RUN_ID='manual__2026-05-26T09:55:17.283581+00:00'
[2026-05-26T09:55:19.805+0000] {taskinstance.py:430} INFO - ::endgroup::
[2026-05-26T09:55:19.812+0000] {base.py:84} INFO - Using connection ID 'postgres_db_yt_elt' for task execution.
[2026-05-26T09:55:19.818+0000] {base.py:84} INFO - Using connection ID 'postgres_db_yt_elt' for task execution.
[2026-05-26T09:55:19.827+0000] {base.py:84} INFO - Using connection ID 'postgres_db_yt_elt' for task execution.
[2026-05-26T09:55:19.841+0000] {dwh.py:100} ERROR - An error occurred during the update of core table: 'secondays' is an invalid keyword argument for __new__()
[2026-05-26T09:55:19.842+0000] {taskinstance.py:441} INFO - ::group::Post task execution logs
[2026-05-26T09:55:19.842+0000] {taskinstance.py:2905} ERROR - Task failed with exception
Traceback (most recent call last):
  File "/home/airflow/.local/lib/python3.10/site-packages/airflow/models/taskinstance.py", line 465, in _execute_task
    result = _execute_callable(context=context, **execute_callable_kwargs)
  File "/home/airflow/.local/lib/python3.10/site-packages/airflow/models/taskinstance.py", line 432, in _execute_callable
    return execute_callable(context=context, **execute_callable_kwargs)
  File "/home/airflow/.local/lib/python3.10/site-packages/airflow/models/baseoperator.py", line 401, in wrapper
    return func(self, *args, **kwargs)
  File "/home/airflow/.local/lib/python3.10/site-packages/airflow/decorators/base.py", line 265, in execute
    return_value = super().execute(context)
  File "/home/airflow/.local/lib/python3.10/site-packages/airflow/models/baseoperator.py", line 401, in wrapper
    return func(self, *args, **kwargs)
  File "/home/airflow/.local/lib/python3.10/site-packages/airflow/operators/python.py", line 235, in execute
    return_value = self.execute_callable()
  File "/home/airflow/.local/lib/python3.10/site-packages/airflow/operators/python.py", line 252, in execute_callable
    return self.python_callable(*self.op_args, **self.op_kwargs)
  File "/opt/airflow/dags/datawarehouse/dwh.py", line 101, in core_table
    raise e
  File "/opt/airflow/dags/datawarehouse/dwh.py", line 79, in core_table
    transformed_row = transform_data(row)
  File "/opt/airflow/dags/datawarehouse/data_transformation.py", line 23, in transform_data
    duration_td = parse_duration(row['duration'])
  File "/opt/airflow/dags/datawarehouse/data_transformation.py", line 15, in parse_duration
    total_duration = timedelta(
TypeError: 'secondays' is an invalid keyword argument for __new__()
[2026-05-26T09:55:19.862+0000] {taskinstance.py:1206} INFO - Marking task as FAILED. dag_id=update_db, task_id=core_table, run_id=manual__2026-05-26T09:55:17.283581+00:00, execution_date=20260526T095517, start_date=20260526T095519, end_date=20260526T095519
[2026-05-26T09:55:19.873+0000] {standard_task_runner.py:110} ERROR - Failed to execute job 50 for task core_table ('secondays' is an invalid keyword argument for __new__(); 173)
[2026-05-26T09:55:19.890+0000] {local_task_job_runner.py:240} INFO - Task exited with return code 1
[2026-05-26T09:55:19.907+0000] {taskinstance.py:3503} INFO - 0 downstream tasks scheduled from follow-on schedule check
[2026-05-26T09:55:19.909+0000] {local_task_job_runner.py:222} INFO - ::endgroup::
