[2026-05-26T11:13:38.446+0000] {local_task_job_runner.py:120} INFO - ::group::Pre task execution logs
[2026-05-26T11:13:38.485+0000] {taskinstance.py:2076} INFO - Dependencies all met for dep_context=non-requeueable deps ti=<TaskInstance: update_db.staging_table manual__2026-05-26T11:13:37.378297+00:00 [queued]>
[2026-05-26T11:13:38.499+0000] {taskinstance.py:2076} INFO - Dependencies all met for dep_context=requeueable deps ti=<TaskInstance: update_db.staging_table manual__2026-05-26T11:13:37.378297+00:00 [queued]>
[2026-05-26T11:13:38.500+0000] {taskinstance.py:2306} INFO - Starting attempt 1 of 1
[2026-05-26T11:13:38.521+0000] {taskinstance.py:2330} INFO - Executing <Task(_PythonDecoratedOperator): staging_table> on 2026-05-26 11:13:37.378297+00:00
[2026-05-26T11:13:38.528+0000] {standard_task_runner.py:63} INFO - Started process 384 to run task
[2026-05-26T11:13:38.536+0000] {standard_task_runner.py:90} INFO - Running: ['airflow', 'tasks', 'run', 'update_db', 'staging_table', 'manual__2026-05-26T11:13:37.378297+00:00', '--job-id', '57', '--raw', '--subdir', 'DAGS_FOLDER/main.py', '--cfg-path', '/tmp/tmpoujbrmu5']
[2026-05-26T11:13:38.538+0000] {standard_task_runner.py:91} INFO - Job 57: Subtask staging_table
[2026-05-26T11:13:38.657+0000] {task_command.py:426} INFO - Running <TaskInstance: update_db.staging_table manual__2026-05-26T11:13:37.378297+00:00 [running]> on host 9a60ef36f17b
[2026-05-26T11:13:38.851+0000] {taskinstance.py:2648} INFO - Exporting env vars: AIRFLOW_CTX_DAG_EMAIL='data@engineers.com' AIRFLOW_CTX_DAG_OWNER='dataengineers' AIRFLOW_CTX_DAG_ID='update_db' AIRFLOW_CTX_TASK_ID='staging_table' AIRFLOW_CTX_EXECUTION_DATE='2026-05-26T11:13:37.378297+00:00' AIRFLOW_CTX_TRY_NUMBER='1' AIRFLOW_CTX_DAG_RUN_ID='manual__2026-05-26T11:13:37.378297+00:00'
[2026-05-26T11:13:38.852+0000] {taskinstance.py:430} INFO - ::endgroup::
[2026-05-26T11:13:38.863+0000] {base.py:84} INFO - Using connection ID 'postgres_db_yt_elt' for task execution.
[2026-05-26T11:13:38.870+0000] {data_loading.py:12} INFO - Processing file: MrBeast_youtube_data_2026-05-26
[2026-05-26T11:13:38.878+0000] {base.py:84} INFO - Using connection ID 'postgres_db_yt_elt' for task execution.
[2026-05-26T11:13:38.887+0000] {base.py:84} INFO - Using connection ID 'postgres_db_yt_elt' for task execution.
[2026-05-26T11:13:38.912+0000] {data_modification.py:68} INFO - Update row with video_id: 7aE4EhHXzlA
[2026-05-26T11:13:38.916+0000] {data_modification.py:68} INFO - Update row with video_id: EiFcNbXBqeo
[2026-05-26T11:13:38.919+0000] {data_modification.py:68} INFO - Update row with video_id: zvBXpoBegwE
[2026-05-26T11:13:38.924+0000] {data_modification.py:68} INFO - Update row with video_id: tWYsfOSY9vY
[2026-05-26T11:13:38.928+0000] {data_modification.py:68} INFO - Update row with video_id: FM7Z-Xq8Drc
[2026-05-26T11:13:38.932+0000] {data_modification.py:68} INFO - Update row with video_id: 9bqk6ZUsKyA
[2026-05-26T11:13:38.937+0000] {data_modification.py:68} INFO - Update row with video_id: NbaWrbJDr48
[2026-05-26T11:13:38.942+0000] {data_modification.py:68} INFO - Update row with video_id: I046_n20d3s
[2026-05-26T11:13:38.947+0000] {data_modification.py:68} INFO - Update row with video_id: WRzIuC2MKOU
[2026-05-26T11:13:38.952+0000] {data_modification.py:68} INFO - Update row with video_id: 5PCxQSMOl3o
[2026-05-26T11:13:38.957+0000] {data_modification.py:68} INFO - Update row with video_id: bqpKlkPpT10
[2026-05-26T11:13:38.962+0000] {data_modification.py:68} INFO - Update row with video_id: qBiZA4QDsj0
[2026-05-26T11:13:38.968+0000] {data_modification.py:68} INFO - Update row with video_id: LTr8cXAxy1I
[2026-05-26T11:13:38.972+0000] {data_modification.py:68} INFO - Update row with video_id: _f6xCA0-gAo
[2026-05-26T11:13:38.977+0000] {data_modification.py:68} INFO - Update row with video_id: 0tZCQ25fsoI
[2026-05-26T11:13:38.982+0000] {data_modification.py:68} INFO - Update row with video_id: 5UPa_hu5opg
[2026-05-26T11:13:38.986+0000] {data_modification.py:68} INFO - Update row with video_id: rSuuQ_s8gOw
[2026-05-26T11:13:38.990+0000] {data_modification.py:68} INFO - Update row with video_id: Qw3eFnsSdlQ
[2026-05-26T11:13:38.994+0000] {data_modification.py:68} INFO - Update row with video_id: ov0KQthQ50U
[2026-05-26T11:13:38.999+0000] {data_modification.py:68} INFO - Update row with video_id: 2XVcLrB7B3Y
[2026-05-26T11:13:39.000+0000] {dwh.py:44} INFO - staging table update completed
[2026-05-26T11:13:39.002+0000] {python.py:237} INFO - Done. Returned value was: None
[2026-05-26T11:13:39.006+0000] {taskinstance.py:441} INFO - ::group::Post task execution logs
[2026-05-26T11:13:39.027+0000] {taskinstance.py:1206} INFO - Marking task as SUCCESS. dag_id=update_db, task_id=staging_table, run_id=manual__2026-05-26T11:13:37.378297+00:00, execution_date=20260526T111337, start_date=20260526T111338, end_date=20260526T111339
[2026-05-26T11:13:39.072+0000] {local_task_job_runner.py:240} INFO - Task exited with return code 0
[2026-05-26T11:13:39.119+0000] {taskinstance.py:3503} INFO - 1 downstream tasks scheduled from follow-on schedule check
[2026-05-26T11:13:39.123+0000] {local_task_job_runner.py:222} INFO - ::endgroup::
