[2026-05-30T08:00:11.057+0000] {local_task_job_runner.py:120} INFO - ::group::Pre task execution logs
[2026-05-30T08:00:11.091+0000] {taskinstance.py:2076} INFO - Dependencies all met for dep_context=non-requeueable deps ti=<TaskInstance: update_db.staging_table manual__2026-05-30T08:00:02.492654+00:00 [queued]>
[2026-05-30T08:00:11.106+0000] {taskinstance.py:2076} INFO - Dependencies all met for dep_context=requeueable deps ti=<TaskInstance: update_db.staging_table manual__2026-05-30T08:00:02.492654+00:00 [queued]>
[2026-05-30T08:00:11.144+0000] {taskinstance.py:2306} INFO - Starting attempt 1 of 1
[2026-05-30T08:00:11.176+0000] {taskinstance.py:2330} INFO - Executing <Task(_PythonDecoratedOperator): staging_table> on 2026-05-30 08:00:02.492654+00:00
[2026-05-30T08:00:11.185+0000] {standard_task_runner.py:63} INFO - Started process 1178 to run task
[2026-05-30T08:00:11.193+0000] {standard_task_runner.py:90} INFO - Running: ['airflow', 'tasks', 'run', 'update_db', 'staging_table', 'manual__2026-05-30T08:00:02.492654+00:00', '--job-id', '59', '--raw', '--subdir', 'DAGS_FOLDER/main.py', '--cfg-path', '/tmp/tmpj79p9fny']
[2026-05-30T08:00:11.196+0000] {standard_task_runner.py:91} INFO - Job 59: Subtask staging_table
[2026-05-30T08:00:11.315+0000] {task_command.py:426} INFO - Running <TaskInstance: update_db.staging_table manual__2026-05-30T08:00:02.492654+00:00 [running]> on host a3cc3fb864ad
[2026-05-30T08:00:11.427+0000] {taskinstance.py:2648} INFO - Exporting env vars: AIRFLOW_CTX_DAG_EMAIL='data@engineers.com' AIRFLOW_CTX_DAG_OWNER='dataengineers' AIRFLOW_CTX_DAG_ID='update_db' AIRFLOW_CTX_TASK_ID='staging_table' AIRFLOW_CTX_EXECUTION_DATE='2026-05-30T08:00:02.492654+00:00' AIRFLOW_CTX_TRY_NUMBER='1' AIRFLOW_CTX_DAG_RUN_ID='manual__2026-05-30T08:00:02.492654+00:00'
[2026-05-30T08:00:11.429+0000] {taskinstance.py:430} INFO - ::endgroup::
[2026-05-30T08:00:11.440+0000] {base.py:84} INFO - Using connection ID 'postgres_db_yt_elt' for task execution.
[2026-05-30T08:00:11.446+0000] {data_loading.py:12} INFO - Processing file: MrBeast_youtube_data_2026-05-30
[2026-05-30T08:00:11.452+0000] {base.py:84} INFO - Using connection ID 'postgres_db_yt_elt' for task execution.
[2026-05-30T08:00:11.461+0000] {base.py:84} INFO - Using connection ID 'postgres_db_yt_elt' for task execution.
[2026-05-30T08:00:11.473+0000] {data_modification.py:80} INFO - Update row with video_id: mktYW177p6U
[2026-05-30T08:00:11.476+0000] {data_modification.py:80} INFO - Update row with video_id: lQz5aqjZ3lQ
[2026-05-30T08:00:11.479+0000] {data_modification.py:80} INFO - Update row with video_id: DBPYB8WkkDc
[2026-05-30T08:00:11.482+0000] {data_modification.py:80} INFO - Update row with video_id: mKdjycj-7eE
[2026-05-30T08:00:11.485+0000] {data_modification.py:80} INFO - Update row with video_id: ooAwCOP67GQ
[2026-05-30T08:00:11.488+0000] {data_modification.py:80} INFO - Update row with video_id: ayXxwJJId_c
[2026-05-30T08:00:11.490+0000] {data_modification.py:80} INFO - Update row with video_id: wMuYiLby3-s
[2026-05-30T08:00:11.493+0000] {data_modification.py:80} INFO - Update row with video_id: 9cCpZl8euLI
[2026-05-30T08:00:11.495+0000] {data_modification.py:80} INFO - Update row with video_id: -0zoWMSEOGg
[2026-05-30T08:00:11.498+0000] {data_modification.py:80} INFO - Update row with video_id: YR6Wh2Zy9jE
[2026-05-30T08:00:11.501+0000] {data_modification.py:80} INFO - Update row with video_id: dJCsc_Cq9i4
[2026-05-30T08:00:11.504+0000] {data_modification.py:80} INFO - Update row with video_id: m3Ol8zn7brk
[2026-05-30T08:00:11.507+0000] {data_modification.py:80} INFO - Update row with video_id: g4DAFnZcCcQ
[2026-05-30T08:00:11.510+0000] {data_modification.py:80} INFO - Update row with video_id: 3LuchpUc7PU
[2026-05-30T08:00:11.513+0000] {data_modification.py:80} INFO - Update row with video_id: jGE1sUTeR5g
[2026-05-30T08:00:11.517+0000] {data_modification.py:80} INFO - Update row with video_id: oZ-Mn5p1xMw
[2026-05-30T08:00:11.520+0000] {data_modification.py:80} INFO - Update row with video_id: 2ljWxaMvE_0
[2026-05-30T08:00:11.524+0000] {data_modification.py:80} INFO - Update row with video_id: TGKkMl17Htg
[2026-05-30T08:00:11.527+0000] {data_modification.py:80} INFO - Update row with video_id: H_DYlka7QAQ
[2026-05-30T08:00:11.530+0000] {data_modification.py:80} INFO - Update row with video_id: 2XVcLrB7B3Y
[2026-05-30T08:00:11.531+0000] {dwh.py:44} INFO - staging table update completed
[2026-05-30T08:00:11.532+0000] {python.py:237} INFO - Done. Returned value was: None
[2026-05-30T08:00:11.533+0000] {taskinstance.py:441} INFO - ::group::Post task execution logs
[2026-05-30T08:00:11.547+0000] {taskinstance.py:1206} INFO - Marking task as SUCCESS. dag_id=update_db, task_id=staging_table, run_id=manual__2026-05-30T08:00:02.492654+00:00, execution_date=20260530T080002, start_date=20260530T080011, end_date=20260530T080011
[2026-05-30T08:00:11.609+0000] {local_task_job_runner.py:240} INFO - Task exited with return code 0
[2026-05-30T08:00:11.668+0000] {taskinstance.py:3503} INFO - 1 downstream tasks scheduled from follow-on schedule check
[2026-05-30T08:00:11.673+0000] {local_task_job_runner.py:222} INFO - ::endgroup::
