[2026-05-26T09:53:17.795+0000] {local_task_job_runner.py:120} INFO - ::group::Pre task execution logs
[2026-05-26T09:53:17.817+0000] {taskinstance.py:2076} INFO - Dependencies all met for dep_context=non-requeueable deps ti=<TaskInstance: update_db.staging_table scheduled__2026-05-24T12:00:00+00:00 [queued]>
[2026-05-26T09:53:17.824+0000] {taskinstance.py:2076} INFO - Dependencies all met for dep_context=requeueable deps ti=<TaskInstance: update_db.staging_table scheduled__2026-05-24T12:00:00+00:00 [queued]>
[2026-05-26T09:53:17.825+0000] {taskinstance.py:2306} INFO - Starting attempt 1 of 1
[2026-05-26T09:53:17.836+0000] {taskinstance.py:2330} INFO - Executing <Task(_PythonDecoratedOperator): staging_table> on 2026-05-24 12:00:00+00:00
[2026-05-26T09:53:17.840+0000] {standard_task_runner.py:63} INFO - Started process 141 to run task
[2026-05-26T09:53:17.845+0000] {standard_task_runner.py:90} INFO - Running: ['airflow', 'tasks', 'run', 'update_db', 'staging_table', 'scheduled__2026-05-24T12:00:00+00:00', '--job-id', '48', '--raw', '--subdir', 'DAGS_FOLDER/main.py', '--cfg-path', '/tmp/tmpho4sqg5o']
[2026-05-26T09:53:17.846+0000] {standard_task_runner.py:91} INFO - Job 48: Subtask staging_table
[2026-05-26T09:53:17.912+0000] {task_command.py:426} INFO - Running <TaskInstance: update_db.staging_table scheduled__2026-05-24T12:00:00+00:00 [running]> on host 9a60ef36f17b
[2026-05-26T09:53:17.985+0000] {taskinstance.py:2648} INFO - Exporting env vars: AIRFLOW_CTX_DAG_EMAIL='data@engineers.com' AIRFLOW_CTX_DAG_OWNER='dataengineers' AIRFLOW_CTX_DAG_ID='update_db' AIRFLOW_CTX_TASK_ID='staging_table' AIRFLOW_CTX_EXECUTION_DATE='2026-05-24T12:00:00+00:00' AIRFLOW_CTX_TRY_NUMBER='1' AIRFLOW_CTX_DAG_RUN_ID='scheduled__2026-05-24T12:00:00+00:00'
[2026-05-26T09:53:17.986+0000] {taskinstance.py:430} INFO - ::endgroup::
[2026-05-26T09:53:17.994+0000] {base.py:84} INFO - Using connection ID 'postgres_db_yt_elt' for task execution.
[2026-05-26T09:53:18.009+0000] {dwh.py:47} ERROR - An error occurred during the update of staging table: 'cursfor_factory' is an invalid keyword argument for this function
[2026-05-26T09:53:18.009+0000] {taskinstance.py:441} INFO - ::group::Post task execution logs
[2026-05-26T09:53:18.010+0000] {taskinstance.py:2905} ERROR - Task failed with exception
Traceback (most recent call last):
  File "/home/airflow/.local/lib/python3.10/site-packages/airflow/models/taskinstance.py", line 465, in _execute_task
    result = _execute_callable(context=context, **execute_callable_kwargs)
  File "/home/airflow/.local/lib/python3.10/site-packages/airflow/models/taskinstance.py", line 432, in _execute_callable
    return execute_callable(context=context, **execute_callable_kwargs)
  File "/home/airflow/.local/lib/python3.10/site-packages/airflow/models/baseoperator.py", line 401, in wrapper
    return func(self, *args, **kwargs)
  File "/home/airflow/.local/lib/python3.10/site-packages/airflow/decorators/base.py", line 265, in execute
    return_value = super().execute(context)
  File "/home/airflow/.local/lib/python3.10/site-packages/airflow/models/baseoperator.py", line 401, in wrapper
    return func(self, *args, **kwargs)
  File "/home/airflow/.local/lib/python3.10/site-packages/airflow/operators/python.py", line 235, in execute
    return_value = self.execute_callable()
  File "/home/airflow/.local/lib/python3.10/site-packages/airflow/operators/python.py", line 252, in execute_callable
    return self.python_callable(*self.op_args, **self.op_kwargs)
  File "/opt/airflow/dags/datawarehouse/dwh.py", line 48, in staging_table
    raise e
  File "/opt/airflow/dags/datawarehouse/dwh.py", line 18, in staging_table
    conn, cur = get_conn_cursor()
  File "/opt/airflow/dags/datawarehouse/data_utils.py", line 9, in get_conn_cursor
    cur = conn.cursor(cursfor_factory=RealDictCursor)
TypeError: 'cursfor_factory' is an invalid keyword argument for this function
[2026-05-26T09:53:18.029+0000] {taskinstance.py:1206} INFO - Marking task as FAILED. dag_id=update_db, task_id=staging_table, run_id=scheduled__2026-05-24T12:00:00+00:00, execution_date=20260524T120000, start_date=20260526T095317, end_date=20260526T095318
[2026-05-26T09:53:18.039+0000] {standard_task_runner.py:110} ERROR - Failed to execute job 48 for task staging_table ('cursfor_factory' is an invalid keyword argument for this function; 141)
[2026-05-26T09:53:18.058+0000] {local_task_job_runner.py:240} INFO - Task exited with return code 1
[2026-05-26T09:53:18.078+0000] {taskinstance.py:3503} INFO - 0 downstream tasks scheduled from follow-on schedule check
[2026-05-26T09:53:18.082+0000] {local_task_job_runner.py:222} INFO - ::endgroup::
