[2026-05-29T07:20:53.646+0000] {local_task_job_runner.py:120} INFO - ::group::Pre task execution logs
[2026-05-29T07:20:53.680+0000] {taskinstance.py:2076} INFO - Dependencies all met for dep_context=non-requeueable deps ti=<TaskInstance: update_db.staging_table scheduled__2026-05-27T12:00:00+00:00 [queued]>
[2026-05-29T07:20:53.693+0000] {taskinstance.py:2076} INFO - Dependencies all met for dep_context=requeueable deps ti=<TaskInstance: update_db.staging_table scheduled__2026-05-27T12:00:00+00:00 [queued]>
[2026-05-29T07:20:53.694+0000] {taskinstance.py:2306} INFO - Starting attempt 1 of 1
[2026-05-29T07:20:53.713+0000] {taskinstance.py:2330} INFO - Executing <Task(_PythonDecoratedOperator): staging_table> on 2026-05-27 12:00:00+00:00
[2026-05-29T07:20:53.720+0000] {standard_task_runner.py:63} INFO - Started process 70 to run task
[2026-05-29T07:20:53.727+0000] {standard_task_runner.py:90} INFO - Running: ['airflow', 'tasks', 'run', 'update_db', 'staging_table', 'scheduled__2026-05-27T12:00:00+00:00', '--job-id', '19', '--raw', '--subdir', 'DAGS_FOLDER/main.py', '--cfg-path', '/tmp/tmpgnybcn02']
[2026-05-29T07:20:53.728+0000] {standard_task_runner.py:91} INFO - Job 19: Subtask staging_table
[2026-05-29T07:20:53.840+0000] {task_command.py:426} INFO - Running <TaskInstance: update_db.staging_table scheduled__2026-05-27T12:00:00+00:00 [running]> on host 45f4c0936dbd
[2026-05-29T07:20:54.000+0000] {taskinstance.py:2648} INFO - Exporting env vars: AIRFLOW_CTX_DAG_EMAIL='data@engineers.com' AIRFLOW_CTX_DAG_OWNER='dataengineers' AIRFLOW_CTX_DAG_ID='update_db' AIRFLOW_CTX_TASK_ID='staging_table' AIRFLOW_CTX_EXECUTION_DATE='2026-05-27T12:00:00+00:00' AIRFLOW_CTX_TRY_NUMBER='1' AIRFLOW_CTX_DAG_RUN_ID='scheduled__2026-05-27T12:00:00+00:00'
[2026-05-29T07:20:54.003+0000] {taskinstance.py:430} INFO - ::endgroup::
[2026-05-29T07:20:54.018+0000] {base.py:84} INFO - Using connection ID 'postgres_db_yt_elt' for task execution.
[2026-05-29T07:20:54.043+0000] {data_loading.py:12} INFO - Processing file: MrBeast_youtube_data_2026-05-29
[2026-05-29T07:20:54.045+0000] {data_loading.py:19} ERROR - File not found: ./data/MrBeast_youtube_data_2026-05-29.json
[2026-05-29T07:20:54.046+0000] {dwh.py:47} ERROR - An error occurred during the update of staging table: [Errno 2] No such file or directory: './data/MrBeast_youtube_data_2026-05-29.json'
[2026-05-29T07:20:54.047+0000] {taskinstance.py:441} INFO - ::group::Post task execution logs
[2026-05-29T07:20:54.048+0000] {taskinstance.py:2905} ERROR - Task failed with exception
Traceback (most recent call last):
  File "/home/airflow/.local/lib/python3.10/site-packages/airflow/models/taskinstance.py", line 465, in _execute_task
    result = _execute_callable(context=context, **execute_callable_kwargs)
  File "/home/airflow/.local/lib/python3.10/site-packages/airflow/models/taskinstance.py", line 432, in _execute_callable
    return execute_callable(context=context, **execute_callable_kwargs)
  File "/home/airflow/.local/lib/python3.10/site-packages/airflow/models/baseoperator.py", line 401, in wrapper
    return func(self, *args, **kwargs)
  File "/home/airflow/.local/lib/python3.10/site-packages/airflow/decorators/base.py", line 265, in execute
    return_value = super().execute(context)
  File "/home/airflow/.local/lib/python3.10/site-packages/airflow/models/baseoperator.py", line 401, in wrapper
    return func(self, *args, **kwargs)
  File "/home/airflow/.local/lib/python3.10/site-packages/airflow/operators/python.py", line 235, in execute
    return_value = self.execute_callable()
  File "/home/airflow/.local/lib/python3.10/site-packages/airflow/operators/python.py", line 252, in execute_callable
    return self.python_callable(*self.op_args, **self.op_kwargs)
  File "/opt/airflow/dags/datawarehouse/dwh.py", line 48, in staging_table
    raise e
  File "/opt/airflow/dags/datawarehouse/dwh.py", line 20, in staging_table
    yt_date = load_data()
  File "/opt/airflow/dags/datawarehouse/data_loading.py", line 14, in load_data
    with open(file_path, 'r', encoding="utf-8") as raw_data:
FileNotFoundError: [Errno 2] No such file or directory: './data/MrBeast_youtube_data_2026-05-29.json'
[2026-05-29T07:20:54.083+0000] {taskinstance.py:1206} INFO - Marking task as FAILED. dag_id=update_db, task_id=staging_table, run_id=scheduled__2026-05-27T12:00:00+00:00, execution_date=20260527T120000, start_date=20260529T072053, end_date=20260529T072054
[2026-05-29T07:20:54.110+0000] {standard_task_runner.py:110} ERROR - Failed to execute job 19 for task staging_table ([Errno 2] No such file or directory: './data/MrBeast_youtube_data_2026-05-29.json'; 70)
[2026-05-29T07:20:54.141+0000] {local_task_job_runner.py:240} INFO - Task exited with return code 1
[2026-05-29T07:20:54.183+0000] {taskinstance.py:3503} INFO - 0 downstream tasks scheduled from follow-on schedule check
[2026-05-29T07:20:54.190+0000] {local_task_job_runner.py:222} INFO - ::endgroup::
