[2026-05-26T11:24:49.610+0000] {local_task_job_runner.py:120} INFO - ::group::Pre task execution logs
[2026-05-26T11:24:49.638+0000] {taskinstance.py:2076} INFO - Dependencies all met for dep_context=non-requeueable deps ti=<TaskInstance: update_db.core_table manual__2026-05-26T11:24:46.386812+00:00 [queued]>
[2026-05-26T11:24:49.649+0000] {taskinstance.py:2076} INFO - Dependencies all met for dep_context=requeueable deps ti=<TaskInstance: update_db.core_table manual__2026-05-26T11:24:46.386812+00:00 [queued]>
[2026-05-26T11:24:49.650+0000] {taskinstance.py:2306} INFO - Starting attempt 1 of 1
[2026-05-26T11:24:49.667+0000] {taskinstance.py:2330} INFO - Executing <Task(_PythonDecoratedOperator): core_table> on 2026-05-26 11:24:46.386812+00:00
[2026-05-26T11:24:49.674+0000] {standard_task_runner.py:63} INFO - Started process 541 to run task
[2026-05-26T11:24:49.680+0000] {standard_task_runner.py:90} INFO - Running: ['airflow', 'tasks', 'run', 'update_db', 'core_table', 'manual__2026-05-26T11:24:46.386812+00:00', '--job-id', '62', '--raw', '--subdir', 'DAGS_FOLDER/main.py', '--cfg-path', '/tmp/tmpd60qxoow']
[2026-05-26T11:24:49.682+0000] {standard_task_runner.py:91} INFO - Job 62: Subtask core_table
[2026-05-26T11:24:49.776+0000] {task_command.py:426} INFO - Running <TaskInstance: update_db.core_table manual__2026-05-26T11:24:46.386812+00:00 [running]> on host 9a60ef36f17b
[2026-05-26T11:24:49.872+0000] {taskinstance.py:2648} INFO - Exporting env vars: AIRFLOW_CTX_DAG_EMAIL='data@engineers.com' AIRFLOW_CTX_DAG_OWNER='dataengineers' AIRFLOW_CTX_DAG_ID='update_db' AIRFLOW_CTX_TASK_ID='core_table' AIRFLOW_CTX_EXECUTION_DATE='2026-05-26T11:24:46.386812+00:00' AIRFLOW_CTX_TRY_NUMBER='1' AIRFLOW_CTX_DAG_RUN_ID='manual__2026-05-26T11:24:46.386812+00:00'
[2026-05-26T11:24:49.874+0000] {taskinstance.py:430} INFO - ::endgroup::
[2026-05-26T11:24:49.884+0000] {base.py:84} INFO - Using connection ID 'postgres_db_yt_elt' for task execution.
[2026-05-26T11:24:49.893+0000] {base.py:84} INFO - Using connection ID 'postgres_db_yt_elt' for task execution.
[2026-05-26T11:24:49.902+0000] {base.py:84} INFO - Using connection ID 'postgres_db_yt_elt' for task execution.
[2026-05-26T11:24:49.911+0000] {data_modification.py:32} ERROR - Error inserting row with video_id: I046_n20d3s
[2026-05-26T11:24:49.912+0000] {dwh.py:100} ERROR - An error occurred during the update of core table: 'title'
[2026-05-26T11:24:49.913+0000] {taskinstance.py:441} INFO - ::group::Post task execution logs
[2026-05-26T11:24:49.914+0000] {taskinstance.py:2905} ERROR - Task failed with exception
Traceback (most recent call last):
  File "/home/airflow/.local/lib/python3.10/site-packages/airflow/models/taskinstance.py", line 465, in _execute_task
    result = _execute_callable(context=context, **execute_callable_kwargs)
  File "/home/airflow/.local/lib/python3.10/site-packages/airflow/models/taskinstance.py", line 432, in _execute_callable
    return execute_callable(context=context, **execute_callable_kwargs)
  File "/home/airflow/.local/lib/python3.10/site-packages/airflow/models/baseoperator.py", line 401, in wrapper
    return func(self, *args, **kwargs)
  File "/home/airflow/.local/lib/python3.10/site-packages/airflow/decorators/base.py", line 265, in execute
    return_value = super().execute(context)
  File "/home/airflow/.local/lib/python3.10/site-packages/airflow/models/baseoperator.py", line 401, in wrapper
    return func(self, *args, **kwargs)
  File "/home/airflow/.local/lib/python3.10/site-packages/airflow/operators/python.py", line 235, in execute
    return_value = self.execute_callable()
  File "/home/airflow/.local/lib/python3.10/site-packages/airflow/operators/python.py", line 252, in execute_callable
    return self.python_callable(*self.op_args, **self.op_kwargs)
  File "/opt/airflow/dags/datawarehouse/dwh.py", line 101, in core_table
    raise e
  File "/opt/airflow/dags/datawarehouse/dwh.py", line 80, in core_table
    insert_rows(cur, conn, schema, transformed_row)
  File "/opt/airflow/dags/datawarehouse/data_modification.py", line 33, in insert_rows
    raise e
  File "/opt/airflow/dags/datawarehouse/data_modification.py", line 21, in insert_rows
    cur.execute(
  File "/home/airflow/.local/lib/python3.10/site-packages/psycopg2/extras.py", line 236, in execute
    return super().execute(query, vars)
KeyError: 'title'
[2026-05-26T11:24:49.939+0000] {taskinstance.py:1206} INFO - Marking task as FAILED. dag_id=update_db, task_id=core_table, run_id=manual__2026-05-26T11:24:46.386812+00:00, execution_date=20260526T112446, start_date=20260526T112449, end_date=20260526T112449
[2026-05-26T11:24:49.953+0000] {standard_task_runner.py:110} ERROR - Failed to execute job 62 for task core_table ('title'; 541)
[2026-05-26T11:24:49.974+0000] {local_task_job_runner.py:240} INFO - Task exited with return code 1
[2026-05-26T11:24:50.001+0000] {taskinstance.py:3503} INFO - 0 downstream tasks scheduled from follow-on schedule check
[2026-05-26T11:24:50.004+0000] {local_task_job_runner.py:222} INFO - ::endgroup::
