[2026-05-26T12:00:02.087+0000] {local_task_job_runner.py:120} INFO - ::group::Pre task execution logs
[2026-05-26T12:00:02.119+0000] {taskinstance.py:2076} INFO - Dependencies all met for dep_context=non-requeueable deps ti=<TaskInstance: update_db.staging_table scheduled__2026-05-25T12:00:00+00:00 [queued]>
[2026-05-26T12:00:02.130+0000] {taskinstance.py:2076} INFO - Dependencies all met for dep_context=requeueable deps ti=<TaskInstance: update_db.staging_table scheduled__2026-05-25T12:00:00+00:00 [queued]>
[2026-05-26T12:00:02.131+0000] {taskinstance.py:2306} INFO - Starting attempt 1 of 1
[2026-05-26T12:00:02.148+0000] {taskinstance.py:2330} INFO - Executing <Task(_PythonDecoratedOperator): staging_table> on 2026-05-25 12:00:00+00:00
[2026-05-26T12:00:02.157+0000] {standard_task_runner.py:63} INFO - Started process 1013 to run task
[2026-05-26T12:00:02.165+0000] {standard_task_runner.py:90} INFO - Running: ['airflow', 'tasks', 'run', 'update_db', 'staging_table', 'scheduled__2026-05-25T12:00:00+00:00', '--job-id', '73', '--raw', '--subdir', 'DAGS_FOLDER/main.py', '--cfg-path', '/tmp/tmp0v1zlx9h']
[2026-05-26T12:00:02.167+0000] {standard_task_runner.py:91} INFO - Job 73: Subtask staging_table
[2026-05-26T12:00:02.318+0000] {task_command.py:426} INFO - Running <TaskInstance: update_db.staging_table scheduled__2026-05-25T12:00:00+00:00 [running]> on host 9a60ef36f17b
[2026-05-26T12:00:02.460+0000] {taskinstance.py:2648} INFO - Exporting env vars: AIRFLOW_CTX_DAG_EMAIL='data@engineers.com' AIRFLOW_CTX_DAG_OWNER='dataengineers' AIRFLOW_CTX_DAG_ID='update_db' AIRFLOW_CTX_TASK_ID='staging_table' AIRFLOW_CTX_EXECUTION_DATE='2026-05-25T12:00:00+00:00' AIRFLOW_CTX_TRY_NUMBER='1' AIRFLOW_CTX_DAG_RUN_ID='scheduled__2026-05-25T12:00:00+00:00'
[2026-05-26T12:00:02.463+0000] {taskinstance.py:430} INFO - ::endgroup::
[2026-05-26T12:00:02.474+0000] {base.py:84} INFO - Using connection ID 'postgres_db_yt_elt' for task execution.
[2026-05-26T12:00:02.482+0000] {data_loading.py:12} INFO - Processing file: MrBeast_youtube_data_2026-05-26
[2026-05-26T12:00:02.489+0000] {base.py:84} INFO - Using connection ID 'postgres_db_yt_elt' for task execution.
[2026-05-26T12:00:02.499+0000] {base.py:84} INFO - Using connection ID 'postgres_db_yt_elt' for task execution.
[2026-05-26T12:00:02.513+0000] {data_modification.py:80} INFO - Update row with video_id: 7aE4EhHXzlA
[2026-05-26T12:00:02.517+0000] {data_modification.py:80} INFO - Update row with video_id: EiFcNbXBqeo
[2026-05-26T12:00:02.521+0000] {data_modification.py:80} INFO - Update row with video_id: zvBXpoBegwE
[2026-05-26T12:00:02.523+0000] {data_modification.py:80} INFO - Update row with video_id: tWYsfOSY9vY
[2026-05-26T12:00:02.527+0000] {data_modification.py:80} INFO - Update row with video_id: FM7Z-Xq8Drc
[2026-05-26T12:00:02.530+0000] {data_modification.py:80} INFO - Update row with video_id: 9bqk6ZUsKyA
[2026-05-26T12:00:02.532+0000] {data_modification.py:80} INFO - Update row with video_id: NbaWrbJDr48
[2026-05-26T12:00:02.535+0000] {data_modification.py:80} INFO - Update row with video_id: I046_n20d3s
[2026-05-26T12:00:02.539+0000] {data_modification.py:80} INFO - Update row with video_id: WRzIuC2MKOU
[2026-05-26T12:00:02.541+0000] {data_modification.py:80} INFO - Update row with video_id: 5PCxQSMOl3o
[2026-05-26T12:00:02.546+0000] {data_modification.py:80} INFO - Update row with video_id: bqpKlkPpT10
[2026-05-26T12:00:02.548+0000] {data_modification.py:80} INFO - Update row with video_id: qBiZA4QDsj0
[2026-05-26T12:00:02.551+0000] {data_modification.py:80} INFO - Update row with video_id: LTr8cXAxy1I
[2026-05-26T12:00:02.555+0000] {data_modification.py:80} INFO - Update row with video_id: _f6xCA0-gAo
[2026-05-26T12:00:02.558+0000] {data_modification.py:80} INFO - Update row with video_id: 0tZCQ25fsoI
[2026-05-26T12:00:02.561+0000] {data_modification.py:80} INFO - Update row with video_id: 5UPa_hu5opg
[2026-05-26T12:00:02.565+0000] {data_modification.py:80} INFO - Update row with video_id: rSuuQ_s8gOw
[2026-05-26T12:00:02.568+0000] {data_modification.py:80} INFO - Update row with video_id: Qw3eFnsSdlQ
[2026-05-26T12:00:02.572+0000] {data_modification.py:80} INFO - Update row with video_id: ov0KQthQ50U
[2026-05-26T12:00:02.575+0000] {data_modification.py:80} INFO - Update row with video_id: 2XVcLrB7B3Y
[2026-05-26T12:00:02.575+0000] {dwh.py:44} INFO - staging table update completed
[2026-05-26T12:00:02.577+0000] {python.py:237} INFO - Done. Returned value was: None
[2026-05-26T12:00:02.580+0000] {taskinstance.py:441} INFO - ::group::Post task execution logs
[2026-05-26T12:00:02.591+0000] {taskinstance.py:1206} INFO - Marking task as SUCCESS. dag_id=update_db, task_id=staging_table, run_id=scheduled__2026-05-25T12:00:00+00:00, execution_date=20260525T120000, start_date=20260526T120002, end_date=20260526T120002
[2026-05-26T12:00:02.620+0000] {local_task_job_runner.py:240} INFO - Task exited with return code 0
[2026-05-26T12:00:02.657+0000] {taskinstance.py:3503} INFO - 1 downstream tasks scheduled from follow-on schedule check
[2026-05-26T12:00:02.660+0000] {local_task_job_runner.py:222} INFO - ::endgroup::
