[2026-05-30T06:58:57.434+0000] {local_task_job_runner.py:120} INFO - ::group::Pre task execution logs
[2026-05-30T06:58:57.483+0000] {taskinstance.py:2076} INFO - Dependencies all met for dep_context=non-requeueable deps ti=<TaskInstance: update_db.core_table manual__2026-05-30T06:58:53.190352+00:00 [queued]>
[2026-05-30T06:58:57.502+0000] {taskinstance.py:2076} INFO - Dependencies all met for dep_context=requeueable deps ti=<TaskInstance: update_db.core_table manual__2026-05-30T06:58:53.190352+00:00 [queued]>
[2026-05-30T06:58:57.541+0000] {taskinstance.py:2306} INFO - Starting attempt 1 of 1
[2026-05-30T06:58:57.570+0000] {taskinstance.py:2330} INFO - Executing <Task(_PythonDecoratedOperator): core_table> on 2026-05-30 06:58:53.190352+00:00
[2026-05-30T06:58:57.579+0000] {standard_task_runner.py:63} INFO - Started process 579 to run task
[2026-05-30T06:58:57.587+0000] {standard_task_runner.py:90} INFO - Running: ['airflow', 'tasks', 'run', 'update_db', 'core_table', 'manual__2026-05-30T06:58:53.190352+00:00', '--job-id', '51', '--raw', '--subdir', 'DAGS_FOLDER/main.py', '--cfg-path', '/tmp/tmpnnqgunpz']
[2026-05-30T06:58:57.589+0000] {standard_task_runner.py:91} INFO - Job 51: Subtask core_table
[2026-05-30T06:58:57.690+0000] {task_command.py:426} INFO - Running <TaskInstance: update_db.core_table manual__2026-05-30T06:58:53.190352+00:00 [running]> on host a3cc3fb864ad
[2026-05-30T06:58:57.806+0000] {taskinstance.py:2648} INFO - Exporting env vars: AIRFLOW_CTX_DAG_EMAIL='data@engineers.com' AIRFLOW_CTX_DAG_OWNER='dataengineers' AIRFLOW_CTX_DAG_ID='update_db' AIRFLOW_CTX_TASK_ID='core_table' AIRFLOW_CTX_EXECUTION_DATE='2026-05-30T06:58:53.190352+00:00' AIRFLOW_CTX_TRY_NUMBER='1' AIRFLOW_CTX_DAG_RUN_ID='manual__2026-05-30T06:58:53.190352+00:00'
[2026-05-30T06:58:57.807+0000] {taskinstance.py:430} INFO - ::endgroup::
[2026-05-30T06:58:57.817+0000] {base.py:84} INFO - Using connection ID 'postgres_db_yt_elt' for task execution.
[2026-05-30T06:58:57.824+0000] {base.py:84} INFO - Using connection ID 'postgres_db_yt_elt' for task execution.
[2026-05-30T06:58:57.832+0000] {base.py:84} INFO - Using connection ID 'postgres_db_yt_elt' for task execution.
[2026-05-30T06:58:57.844+0000] {data_modification.py:80} INFO - Update row with video_id: mKdjycj-7eE
[2026-05-30T06:58:57.847+0000] {data_modification.py:80} INFO - Update row with video_id: ooAwCOP67GQ
[2026-05-30T06:58:57.851+0000] {data_modification.py:80} INFO - Update row with video_id: ayXxwJJId_c
[2026-05-30T06:58:57.854+0000] {data_modification.py:80} INFO - Update row with video_id: wMuYiLby3-s
[2026-05-30T06:58:57.857+0000] {data_modification.py:80} INFO - Update row with video_id: 9cCpZl8euLI
[2026-05-30T06:58:57.861+0000] {data_modification.py:80} INFO - Update row with video_id: -0zoWMSEOGg
[2026-05-30T06:58:57.865+0000] {data_modification.py:80} INFO - Update row with video_id: YR6Wh2Zy9jE
[2026-05-30T06:58:57.868+0000] {data_modification.py:80} INFO - Update row with video_id: dJCsc_Cq9i4
[2026-05-30T06:58:57.871+0000] {data_modification.py:80} INFO - Update row with video_id: m3Ol8zn7brk
[2026-05-30T06:58:57.874+0000] {data_modification.py:80} INFO - Update row with video_id: g4DAFnZcCcQ
[2026-05-30T06:58:57.878+0000] {data_modification.py:80} INFO - Update row with video_id: 2XVcLrB7B3Y
[2026-05-30T06:58:57.882+0000] {data_modification.py:80} INFO - Update row with video_id: mktYW177p6U
[2026-05-30T06:58:57.886+0000] {data_modification.py:80} INFO - Update row with video_id: lQz5aqjZ3lQ
[2026-05-30T06:58:57.889+0000] {data_modification.py:80} INFO - Update row with video_id: DBPYB8WkkDc
[2026-05-30T06:58:57.893+0000] {data_modification.py:80} INFO - Update row with video_id: 3LuchpUc7PU
[2026-05-30T06:58:57.897+0000] {data_modification.py:80} INFO - Update row with video_id: jGE1sUTeR5g
[2026-05-30T06:58:57.901+0000] {data_modification.py:80} INFO - Update row with video_id: oZ-Mn5p1xMw
[2026-05-30T06:58:57.905+0000] {data_modification.py:80} INFO - Update row with video_id: 2ljWxaMvE_0
[2026-05-30T06:58:57.909+0000] {data_modification.py:80} INFO - Update row with video_id: TGKkMl17Htg
[2026-05-30T06:58:57.913+0000] {data_modification.py:80} INFO - Update row with video_id: H_DYlka7QAQ
[2026-05-30T06:58:57.914+0000] {dwh.py:96} INFO - core table update completed
[2026-05-30T06:58:57.915+0000] {python.py:237} INFO - Done. Returned value was: None
[2026-05-30T06:58:57.919+0000] {taskinstance.py:441} INFO - ::group::Post task execution logs
[2026-05-30T06:58:57.939+0000] {taskinstance.py:1206} INFO - Marking task as SUCCESS. dag_id=update_db, task_id=core_table, run_id=manual__2026-05-30T06:58:53.190352+00:00, execution_date=20260530T065853, start_date=20260530T065857, end_date=20260530T065857
[2026-05-30T06:58:58.001+0000] {local_task_job_runner.py:240} INFO - Task exited with return code 0
[2026-05-30T06:58:58.053+0000] {taskinstance.py:3503} INFO - 0 downstream tasks scheduled from follow-on schedule check
[2026-05-30T06:58:58.058+0000] {local_task_job_runner.py:222} INFO - ::endgroup::
