[2026-05-26T11:53:23.710+0000] {local_task_job_runner.py:120} INFO - ::group::Pre task execution logs
[2026-05-26T11:53:23.738+0000] {taskinstance.py:2076} INFO - Dependencies all met for dep_context=non-requeueable deps ti=<TaskInstance: update_db.core_table manual__2026-05-26T11:53:20.605050+00:00 [queued]>
[2026-05-26T11:53:23.749+0000] {taskinstance.py:2076} INFO - Dependencies all met for dep_context=requeueable deps ti=<TaskInstance: update_db.core_table manual__2026-05-26T11:53:20.605050+00:00 [queued]>
[2026-05-26T11:53:23.750+0000] {taskinstance.py:2306} INFO - Starting attempt 1 of 1
[2026-05-26T11:53:23.766+0000] {taskinstance.py:2330} INFO - Executing <Task(_PythonDecoratedOperator): core_table> on 2026-05-26 11:53:20.605050+00:00
[2026-05-26T11:53:23.772+0000] {standard_task_runner.py:63} INFO - Started process 926 to run task
[2026-05-26T11:53:23.778+0000] {standard_task_runner.py:90} INFO - Running: ['airflow', 'tasks', 'run', 'update_db', 'core_table', 'manual__2026-05-26T11:53:20.605050+00:00', '--job-id', '72', '--raw', '--subdir', 'DAGS_FOLDER/main.py', '--cfg-path', '/tmp/tmp0wbys0ow']
[2026-05-26T11:53:23.780+0000] {standard_task_runner.py:91} INFO - Job 72: Subtask core_table
[2026-05-26T11:53:23.857+0000] {task_command.py:426} INFO - Running <TaskInstance: update_db.core_table manual__2026-05-26T11:53:20.605050+00:00 [running]> on host 9a60ef36f17b
[2026-05-26T11:53:23.974+0000] {taskinstance.py:2648} INFO - Exporting env vars: AIRFLOW_CTX_DAG_EMAIL='data@engineers.com' AIRFLOW_CTX_DAG_OWNER='dataengineers' AIRFLOW_CTX_DAG_ID='update_db' AIRFLOW_CTX_TASK_ID='core_table' AIRFLOW_CTX_EXECUTION_DATE='2026-05-26T11:53:20.605050+00:00' AIRFLOW_CTX_TRY_NUMBER='1' AIRFLOW_CTX_DAG_RUN_ID='manual__2026-05-26T11:53:20.605050+00:00'
[2026-05-26T11:53:23.976+0000] {taskinstance.py:430} INFO - ::endgroup::
[2026-05-26T11:53:23.988+0000] {base.py:84} INFO - Using connection ID 'postgres_db_yt_elt' for task execution.
[2026-05-26T11:53:23.997+0000] {base.py:84} INFO - Using connection ID 'postgres_db_yt_elt' for task execution.
[2026-05-26T11:53:24.005+0000] {base.py:84} INFO - Using connection ID 'postgres_db_yt_elt' for task execution.
[2026-05-26T11:53:24.018+0000] {data_modification.py:80} INFO - Update row with video_id: 7aE4EhHXzlA
[2026-05-26T11:53:24.021+0000] {data_modification.py:80} INFO - Update row with video_id: EiFcNbXBqeo
[2026-05-26T11:53:24.024+0000] {data_modification.py:80} INFO - Update row with video_id: zvBXpoBegwE
[2026-05-26T11:53:24.027+0000] {data_modification.py:80} INFO - Update row with video_id: tWYsfOSY9vY
[2026-05-26T11:53:24.030+0000] {data_modification.py:80} INFO - Update row with video_id: FM7Z-Xq8Drc
[2026-05-26T11:53:24.033+0000] {data_modification.py:80} INFO - Update row with video_id: 9bqk6ZUsKyA
[2026-05-26T11:53:24.035+0000] {data_modification.py:80} INFO - Update row with video_id: NbaWrbJDr48
[2026-05-26T11:53:24.037+0000] {data_modification.py:80} INFO - Update row with video_id: I046_n20d3s
[2026-05-26T11:53:24.040+0000] {data_modification.py:80} INFO - Update row with video_id: WRzIuC2MKOU
[2026-05-26T11:53:24.043+0000] {data_modification.py:80} INFO - Update row with video_id: 5PCxQSMOl3o
[2026-05-26T11:53:24.046+0000] {data_modification.py:80} INFO - Update row with video_id: bqpKlkPpT10
[2026-05-26T11:53:24.049+0000] {data_modification.py:80} INFO - Update row with video_id: qBiZA4QDsj0
[2026-05-26T11:53:24.052+0000] {data_modification.py:80} INFO - Update row with video_id: LTr8cXAxy1I
[2026-05-26T11:53:24.055+0000] {data_modification.py:80} INFO - Update row with video_id: _f6xCA0-gAo
[2026-05-26T11:53:24.057+0000] {data_modification.py:80} INFO - Update row with video_id: 0tZCQ25fsoI
[2026-05-26T11:53:24.061+0000] {data_modification.py:80} INFO - Update row with video_id: 5UPa_hu5opg
[2026-05-26T11:53:24.064+0000] {data_modification.py:80} INFO - Update row with video_id: rSuuQ_s8gOw
[2026-05-26T11:53:24.066+0000] {data_modification.py:80} INFO - Update row with video_id: Qw3eFnsSdlQ
[2026-05-26T11:53:24.069+0000] {data_modification.py:80} INFO - Update row with video_id: ov0KQthQ50U
[2026-05-26T11:53:24.071+0000] {data_modification.py:80} INFO - Update row with video_id: 2XVcLrB7B3Y
[2026-05-26T11:53:24.072+0000] {dwh.py:96} INFO - core table update completed
[2026-05-26T11:53:24.073+0000] {python.py:237} INFO - Done. Returned value was: None
[2026-05-26T11:53:24.075+0000] {taskinstance.py:441} INFO - ::group::Post task execution logs
[2026-05-26T11:53:24.086+0000] {taskinstance.py:1206} INFO - Marking task as SUCCESS. dag_id=update_db, task_id=core_table, run_id=manual__2026-05-26T11:53:20.605050+00:00, execution_date=20260526T115320, start_date=20260526T115323, end_date=20260526T115324
[2026-05-26T11:53:24.111+0000] {local_task_job_runner.py:240} INFO - Task exited with return code 0
[2026-05-26T11:53:24.131+0000] {taskinstance.py:3503} INFO - 0 downstream tasks scheduled from follow-on schedule check
[2026-05-26T11:53:24.133+0000] {local_task_job_runner.py:222} INFO - ::endgroup::
