[2026-05-29T13:23:44.238+0000] {local_task_job_runner.py:120} INFO - ::group::Pre task execution logs
[2026-05-29T13:23:44.286+0000] {taskinstance.py:2076} INFO - Dependencies all met for dep_context=non-requeueable deps ti=<TaskInstance: update_db.core_table scheduled__2026-05-28T12:00:00+00:00 [queued]>
[2026-05-29T13:23:44.301+0000] {taskinstance.py:2076} INFO - Dependencies all met for dep_context=requeueable deps ti=<TaskInstance: update_db.core_table scheduled__2026-05-28T12:00:00+00:00 [queued]>
[2026-05-29T13:23:44.304+0000] {taskinstance.py:2306} INFO - Starting attempt 1 of 1
[2026-05-29T13:23:44.324+0000] {taskinstance.py:2330} INFO - Executing <Task(_PythonDecoratedOperator): core_table> on 2026-05-28 12:00:00+00:00
[2026-05-29T13:23:44.336+0000] {standard_task_runner.py:63} INFO - Started process 790 to run task
[2026-05-29T13:23:44.344+0000] {standard_task_runner.py:90} INFO - Running: ['airflow', 'tasks', 'run', 'update_db', 'core_table', 'scheduled__2026-05-28T12:00:00+00:00', '--job-id', '28', '--raw', '--subdir', 'DAGS_FOLDER/main.py', '--cfg-path', '/tmp/tmpgw9yu3fh']
[2026-05-29T13:23:44.347+0000] {standard_task_runner.py:91} INFO - Job 28: Subtask core_table
[2026-05-29T13:23:44.477+0000] {task_command.py:426} INFO - Running <TaskInstance: update_db.core_table scheduled__2026-05-28T12:00:00+00:00 [running]> on host 45f4c0936dbd
[2026-05-29T13:23:44.651+0000] {taskinstance.py:2648} INFO - Exporting env vars: AIRFLOW_CTX_DAG_EMAIL='data@engineers.com' AIRFLOW_CTX_DAG_OWNER='dataengineers' AIRFLOW_CTX_DAG_ID='update_db' AIRFLOW_CTX_TASK_ID='core_table' AIRFLOW_CTX_EXECUTION_DATE='2026-05-28T12:00:00+00:00' AIRFLOW_CTX_TRY_NUMBER='1' AIRFLOW_CTX_DAG_RUN_ID='scheduled__2026-05-28T12:00:00+00:00'
[2026-05-29T13:23:44.652+0000] {taskinstance.py:430} INFO - ::endgroup::
[2026-05-29T13:23:44.668+0000] {base.py:84} INFO - Using connection ID 'postgres_db_yt_elt' for task execution.
[2026-05-29T13:23:44.682+0000] {base.py:84} INFO - Using connection ID 'postgres_db_yt_elt' for task execution.
[2026-05-29T13:23:44.695+0000] {base.py:84} INFO - Using connection ID 'postgres_db_yt_elt' for task execution.
[2026-05-29T13:23:44.715+0000] {data_modification.py:80} INFO - Update row with video_id: 7aE4EhHXzlA
[2026-05-29T13:23:44.719+0000] {data_modification.py:80} INFO - Update row with video_id: EiFcNbXBqeo
[2026-05-29T13:23:44.723+0000] {data_modification.py:80} INFO - Update row with video_id: zvBXpoBegwE
[2026-05-29T13:23:44.726+0000] {data_modification.py:80} INFO - Update row with video_id: tWYsfOSY9vY
[2026-05-29T13:23:44.729+0000] {data_modification.py:80} INFO - Update row with video_id: FM7Z-Xq8Drc
[2026-05-29T13:23:44.733+0000] {data_modification.py:80} INFO - Update row with video_id: 9bqk6ZUsKyA
[2026-05-29T13:23:44.736+0000] {data_modification.py:80} INFO - Update row with video_id: NbaWrbJDr48
[2026-05-29T13:23:44.739+0000] {data_modification.py:80} INFO - Update row with video_id: I046_n20d3s
[2026-05-29T13:23:44.742+0000] {data_modification.py:80} INFO - Update row with video_id: WRzIuC2MKOU
[2026-05-29T13:23:44.746+0000] {data_modification.py:80} INFO - Update row with video_id: 5PCxQSMOl3o
[2026-05-29T13:23:44.749+0000] {data_modification.py:80} INFO - Update row with video_id: bqpKlkPpT10
[2026-05-29T13:23:44.752+0000] {data_modification.py:80} INFO - Update row with video_id: qBiZA4QDsj0
[2026-05-29T13:23:44.754+0000] {data_modification.py:80} INFO - Update row with video_id: LTr8cXAxy1I
[2026-05-29T13:23:44.757+0000] {data_modification.py:80} INFO - Update row with video_id: _f6xCA0-gAo
[2026-05-29T13:23:44.760+0000] {data_modification.py:80} INFO - Update row with video_id: 0tZCQ25fsoI
[2026-05-29T13:23:44.763+0000] {data_modification.py:80} INFO - Update row with video_id: 5UPa_hu5opg
[2026-05-29T13:23:44.766+0000] {data_modification.py:80} INFO - Update row with video_id: rSuuQ_s8gOw
[2026-05-29T13:23:44.769+0000] {data_modification.py:80} INFO - Update row with video_id: Qw3eFnsSdlQ
[2026-05-29T13:23:44.774+0000] {data_modification.py:80} INFO - Update row with video_id: ov0KQthQ50U
[2026-05-29T13:23:44.777+0000] {data_modification.py:80} INFO - Update row with video_id: 2XVcLrB7B3Y
[2026-05-29T13:23:44.778+0000] {dwh.py:96} INFO - core table update completed
[2026-05-29T13:23:44.779+0000] {python.py:237} INFO - Done. Returned value was: None
[2026-05-29T13:23:44.782+0000] {taskinstance.py:441} INFO - ::group::Post task execution logs
[2026-05-29T13:23:44.799+0000] {taskinstance.py:1206} INFO - Marking task as SUCCESS. dag_id=update_db, task_id=core_table, run_id=scheduled__2026-05-28T12:00:00+00:00, execution_date=20260528T120000, start_date=20260529T132344, end_date=20260529T132344
[2026-05-29T13:23:44.836+0000] {local_task_job_runner.py:240} INFO - Task exited with return code 0
[2026-05-29T13:23:44.866+0000] {taskinstance.py:3503} INFO - 0 downstream tasks scheduled from follow-on schedule check
[2026-05-29T13:23:44.869+0000] {local_task_job_runner.py:222} INFO - ::endgroup::
