[2026-05-22T09:33:57.845+0000] {processor.py:161} INFO - Started process (PID=4690) to work on /opt/airflow/dags/main.py
[2026-05-22T09:33:57.852+0000] {processor.py:830} INFO - Processing file /opt/airflow/dags/main.py for tasks to queue
[2026-05-22T09:33:57.867+0000] {logging_mixin.py:188} INFO - [2026-05-22T09:33:57.865+0000] {dagbag.py:545} INFO - Filling up the DagBag from /opt/airflow/dags/main.py
[2026-05-22T09:33:58.225+0000] {processor.py:840} INFO - DAG(s) 'produce_json' retrieved from /opt/airflow/dags/main.py
[2026-05-22T09:33:58.467+0000] {logging_mixin.py:188} INFO - [2026-05-22T09:33:58.467+0000] {dag.py:3096} INFO - Sync 1 DAGs
[2026-05-22T09:33:58.735+0000] {logging_mixin.py:188} INFO - [2026-05-22T09:33:58.734+0000] {dag.py:3954} INFO - Setting next_dagrun for produce_json to 2026-05-21 11:00:00+00:00, run_after=2026-05-22 11:00:00+00:00
[2026-05-22T09:33:58.897+0000] {processor.py:183} INFO - Processing /opt/airflow/dags/main.py took 1.115 seconds
[2026-05-22T09:34:29.191+0000] {processor.py:161} INFO - Started process (PID=4697) to work on /opt/airflow/dags/main.py
[2026-05-22T09:34:29.194+0000] {processor.py:830} INFO - Processing file /opt/airflow/dags/main.py for tasks to queue
[2026-05-22T09:34:29.197+0000] {logging_mixin.py:188} INFO - [2026-05-22T09:34:29.197+0000] {dagbag.py:545} INFO - Filling up the DagBag from /opt/airflow/dags/main.py
[2026-05-22T09:34:29.314+0000] {processor.py:840} INFO - DAG(s) 'produce_json' retrieved from /opt/airflow/dags/main.py
[2026-05-22T09:34:29.366+0000] {logging_mixin.py:188} INFO - [2026-05-22T09:34:29.365+0000] {dag.py:3096} INFO - Sync 1 DAGs
[2026-05-22T09:34:29.408+0000] {logging_mixin.py:188} INFO - [2026-05-22T09:34:29.407+0000] {dag.py:3954} INFO - Setting next_dagrun for produce_json to 2026-05-21 11:00:00+00:00, run_after=2026-05-22 11:00:00+00:00
[2026-05-22T09:34:29.434+0000] {processor.py:183} INFO - Processing /opt/airflow/dags/main.py took 0.259 seconds
[2026-05-22T09:34:59.516+0000] {processor.py:161} INFO - Started process (PID=4704) to work on /opt/airflow/dags/main.py
[2026-05-22T09:34:59.518+0000] {processor.py:830} INFO - Processing file /opt/airflow/dags/main.py for tasks to queue
[2026-05-22T09:34:59.521+0000] {logging_mixin.py:188} INFO - [2026-05-22T09:34:59.521+0000] {dagbag.py:545} INFO - Filling up the DagBag from /opt/airflow/dags/main.py
[2026-05-22T09:34:59.647+0000] {processor.py:840} INFO - DAG(s) 'produce_json' retrieved from /opt/airflow/dags/main.py
[2026-05-22T09:34:59.686+0000] {logging_mixin.py:188} INFO - [2026-05-22T09:34:59.686+0000] {dag.py:3096} INFO - Sync 1 DAGs
[2026-05-22T09:34:59.723+0000] {logging_mixin.py:188} INFO - [2026-05-22T09:34:59.723+0000] {dag.py:3954} INFO - Setting next_dagrun for produce_json to 2026-05-21 11:00:00+00:00, run_after=2026-05-22 11:00:00+00:00
[2026-05-22T09:34:59.759+0000] {processor.py:183} INFO - Processing /opt/airflow/dags/main.py took 0.253 seconds
[2026-05-22T09:35:29.903+0000] {processor.py:161} INFO - Started process (PID=4711) to work on /opt/airflow/dags/main.py
[2026-05-22T09:35:29.904+0000] {processor.py:830} INFO - Processing file /opt/airflow/dags/main.py for tasks to queue
[2026-05-22T09:35:29.907+0000] {logging_mixin.py:188} INFO - [2026-05-22T09:35:29.906+0000] {dagbag.py:545} INFO - Filling up the DagBag from /opt/airflow/dags/main.py
[2026-05-22T09:35:30.001+0000] {processor.py:840} INFO - DAG(s) 'produce_json' retrieved from /opt/airflow/dags/main.py
[2026-05-22T09:35:30.042+0000] {logging_mixin.py:188} INFO - [2026-05-22T09:35:30.042+0000] {dag.py:3096} INFO - Sync 1 DAGs
[2026-05-22T09:35:30.077+0000] {logging_mixin.py:188} INFO - [2026-05-22T09:35:30.077+0000] {dag.py:3954} INFO - Setting next_dagrun for produce_json to 2026-05-21 11:00:00+00:00, run_after=2026-05-22 11:00:00+00:00
[2026-05-22T09:35:30.106+0000] {processor.py:183} INFO - Processing /opt/airflow/dags/main.py took 0.213 seconds
[2026-05-22T09:36:00.341+0000] {processor.py:161} INFO - Started process (PID=4718) to work on /opt/airflow/dags/main.py
[2026-05-22T09:36:00.344+0000] {processor.py:830} INFO - Processing file /opt/airflow/dags/main.py for tasks to queue
[2026-05-22T09:36:00.349+0000] {logging_mixin.py:188} INFO - [2026-05-22T09:36:00.348+0000] {dagbag.py:545} INFO - Filling up the DagBag from /opt/airflow/dags/main.py
[2026-05-22T09:36:00.476+0000] {processor.py:840} INFO - DAG(s) 'produce_json' retrieved from /opt/airflow/dags/main.py
[2026-05-22T09:36:00.507+0000] {logging_mixin.py:188} INFO - [2026-05-22T09:36:00.507+0000] {dag.py:3096} INFO - Sync 1 DAGs
[2026-05-22T09:36:00.535+0000] {logging_mixin.py:188} INFO - [2026-05-22T09:36:00.535+0000] {dag.py:3954} INFO - Setting next_dagrun for produce_json to 2026-05-21 11:00:00+00:00, run_after=2026-05-22 11:00:00+00:00
[2026-05-22T09:36:00.622+0000] {processor.py:183} INFO - Processing /opt/airflow/dags/main.py took 0.304 seconds
[2026-05-22T09:36:30.760+0000] {processor.py:161} INFO - Started process (PID=4725) to work on /opt/airflow/dags/main.py
[2026-05-22T09:36:30.762+0000] {processor.py:830} INFO - Processing file /opt/airflow/dags/main.py for tasks to queue
[2026-05-22T09:36:30.767+0000] {logging_mixin.py:188} INFO - [2026-05-22T09:36:30.767+0000] {dagbag.py:545} INFO - Filling up the DagBag from /opt/airflow/dags/main.py
[2026-05-22T09:36:30.854+0000] {processor.py:840} INFO - DAG(s) 'produce_json' retrieved from /opt/airflow/dags/main.py
[2026-05-22T09:36:30.890+0000] {logging_mixin.py:188} INFO - [2026-05-22T09:36:30.890+0000] {dag.py:3096} INFO - Sync 1 DAGs
[2026-05-22T09:36:30.916+0000] {logging_mixin.py:188} INFO - [2026-05-22T09:36:30.916+0000] {dag.py:3954} INFO - Setting next_dagrun for produce_json to 2026-05-21 11:00:00+00:00, run_after=2026-05-22 11:00:00+00:00
[2026-05-22T09:36:30.980+0000] {processor.py:183} INFO - Processing /opt/airflow/dags/main.py took 0.233 seconds
[2026-05-22T09:37:01.331+0000] {processor.py:161} INFO - Started process (PID=4732) to work on /opt/airflow/dags/main.py
[2026-05-22T09:37:01.334+0000] {processor.py:830} INFO - Processing file /opt/airflow/dags/main.py for tasks to queue
[2026-05-22T09:37:01.339+0000] {logging_mixin.py:188} INFO - [2026-05-22T09:37:01.339+0000] {dagbag.py:545} INFO - Filling up the DagBag from /opt/airflow/dags/main.py
[2026-05-22T09:37:01.474+0000] {processor.py:840} INFO - DAG(s) 'produce_json' retrieved from /opt/airflow/dags/main.py
[2026-05-22T09:37:01.511+0000] {logging_mixin.py:188} INFO - [2026-05-22T09:37:01.511+0000] {dag.py:3096} INFO - Sync 1 DAGs
[2026-05-22T09:37:01.539+0000] {logging_mixin.py:188} INFO - [2026-05-22T09:37:01.538+0000] {dag.py:3954} INFO - Setting next_dagrun for produce_json to 2026-05-21 11:00:00+00:00, run_after=2026-05-22 11:00:00+00:00
[2026-05-22T09:37:01.570+0000] {processor.py:183} INFO - Processing /opt/airflow/dags/main.py took 0.253 seconds
[2026-05-22T09:37:31.902+0000] {processor.py:161} INFO - Started process (PID=4739) to work on /opt/airflow/dags/main.py
[2026-05-22T09:37:31.905+0000] {processor.py:830} INFO - Processing file /opt/airflow/dags/main.py for tasks to queue
[2026-05-22T09:37:31.910+0000] {logging_mixin.py:188} INFO - [2026-05-22T09:37:31.909+0000] {dagbag.py:545} INFO - Filling up the DagBag from /opt/airflow/dags/main.py
[2026-05-22T09:37:31.993+0000] {processor.py:840} INFO - DAG(s) 'produce_json' retrieved from /opt/airflow/dags/main.py
[2026-05-22T09:37:32.034+0000] {logging_mixin.py:188} INFO - [2026-05-22T09:37:32.034+0000] {dag.py:3096} INFO - Sync 1 DAGs
[2026-05-22T09:37:32.058+0000] {logging_mixin.py:188} INFO - [2026-05-22T09:37:32.058+0000] {dag.py:3954} INFO - Setting next_dagrun for produce_json to 2026-05-21 11:00:00+00:00, run_after=2026-05-22 11:00:00+00:00
[2026-05-22T09:37:32.082+0000] {processor.py:183} INFO - Processing /opt/airflow/dags/main.py took 0.199 seconds
[2026-05-22T09:38:02.321+0000] {processor.py:161} INFO - Started process (PID=4746) to work on /opt/airflow/dags/main.py
[2026-05-22T09:38:02.324+0000] {processor.py:830} INFO - Processing file /opt/airflow/dags/main.py for tasks to queue
[2026-05-22T09:38:02.329+0000] {logging_mixin.py:188} INFO - [2026-05-22T09:38:02.328+0000] {dagbag.py:545} INFO - Filling up the DagBag from /opt/airflow/dags/main.py
[2026-05-22T09:38:02.470+0000] {processor.py:840} INFO - DAG(s) 'produce_json' retrieved from /opt/airflow/dags/main.py
[2026-05-22T09:38:02.502+0000] {logging_mixin.py:188} INFO - [2026-05-22T09:38:02.501+0000] {dag.py:3096} INFO - Sync 1 DAGs
[2026-05-22T09:38:02.534+0000] {logging_mixin.py:188} INFO - [2026-05-22T09:38:02.534+0000] {dag.py:3954} INFO - Setting next_dagrun for produce_json to 2026-05-21 11:00:00+00:00, run_after=2026-05-22 11:00:00+00:00
[2026-05-22T09:38:02.619+0000] {processor.py:183} INFO - Processing /opt/airflow/dags/main.py took 0.318 seconds
[2026-05-22T09:38:32.846+0000] {processor.py:161} INFO - Started process (PID=4753) to work on /opt/airflow/dags/main.py
[2026-05-22T09:38:32.848+0000] {processor.py:830} INFO - Processing file /opt/airflow/dags/main.py for tasks to queue
[2026-05-22T09:38:32.853+0000] {logging_mixin.py:188} INFO - [2026-05-22T09:38:32.852+0000] {dagbag.py:545} INFO - Filling up the DagBag from /opt/airflow/dags/main.py
[2026-05-22T09:38:32.996+0000] {processor.py:840} INFO - DAG(s) 'produce_json' retrieved from /opt/airflow/dags/main.py
[2026-05-22T09:38:33.030+0000] {logging_mixin.py:188} INFO - [2026-05-22T09:38:33.030+0000] {dag.py:3096} INFO - Sync 1 DAGs
[2026-05-22T09:38:33.060+0000] {logging_mixin.py:188} INFO - [2026-05-22T09:38:33.060+0000] {dag.py:3954} INFO - Setting next_dagrun for produce_json to 2026-05-21 11:00:00+00:00, run_after=2026-05-22 11:00:00+00:00
[2026-05-22T09:38:33.136+0000] {processor.py:183} INFO - Processing /opt/airflow/dags/main.py took 0.308 seconds
[2026-05-22T09:39:03.829+0000] {processor.py:161} INFO - Started process (PID=4760) to work on /opt/airflow/dags/main.py
[2026-05-22T09:39:03.831+0000] {processor.py:830} INFO - Processing file /opt/airflow/dags/main.py for tasks to queue
[2026-05-22T09:39:03.834+0000] {logging_mixin.py:188} INFO - [2026-05-22T09:39:03.834+0000] {dagbag.py:545} INFO - Filling up the DagBag from /opt/airflow/dags/main.py
[2026-05-22T09:39:03.935+0000] {processor.py:840} INFO - DAG(s) 'produce_json' retrieved from /opt/airflow/dags/main.py
[2026-05-22T09:39:03.970+0000] {logging_mixin.py:188} INFO - [2026-05-22T09:39:03.969+0000] {dag.py:3096} INFO - Sync 1 DAGs
[2026-05-22T09:39:04.013+0000] {logging_mixin.py:188} INFO - [2026-05-22T09:39:04.012+0000] {dag.py:3954} INFO - Setting next_dagrun for produce_json to 2026-05-21 11:00:00+00:00, run_after=2026-05-22 11:00:00+00:00
[2026-05-22T09:39:04.114+0000] {processor.py:183} INFO - Processing /opt/airflow/dags/main.py took 0.293 seconds
[2026-05-22T09:39:34.288+0000] {processor.py:161} INFO - Started process (PID=4767) to work on /opt/airflow/dags/main.py
[2026-05-22T09:39:34.292+0000] {processor.py:830} INFO - Processing file /opt/airflow/dags/main.py for tasks to queue
[2026-05-22T09:39:34.296+0000] {logging_mixin.py:188} INFO - [2026-05-22T09:39:34.295+0000] {dagbag.py:545} INFO - Filling up the DagBag from /opt/airflow/dags/main.py
[2026-05-22T09:39:34.439+0000] {processor.py:840} INFO - DAG(s) 'produce_json' retrieved from /opt/airflow/dags/main.py
[2026-05-22T09:39:34.472+0000] {logging_mixin.py:188} INFO - [2026-05-22T09:39:34.472+0000] {dag.py:3096} INFO - Sync 1 DAGs
[2026-05-22T09:39:34.502+0000] {logging_mixin.py:188} INFO - [2026-05-22T09:39:34.502+0000] {dag.py:3954} INFO - Setting next_dagrun for produce_json to 2026-05-21 11:00:00+00:00, run_after=2026-05-22 11:00:00+00:00
[2026-05-22T09:39:34.594+0000] {processor.py:183} INFO - Processing /opt/airflow/dags/main.py took 0.325 seconds
[2026-05-22T09:40:04.999+0000] {processor.py:161} INFO - Started process (PID=4774) to work on /opt/airflow/dags/main.py
[2026-05-22T09:40:05.001+0000] {processor.py:830} INFO - Processing file /opt/airflow/dags/main.py for tasks to queue
[2026-05-22T09:40:05.006+0000] {logging_mixin.py:188} INFO - [2026-05-22T09:40:05.006+0000] {dagbag.py:545} INFO - Filling up the DagBag from /opt/airflow/dags/main.py
[2026-05-22T09:40:05.150+0000] {processor.py:840} INFO - DAG(s) 'produce_json' retrieved from /opt/airflow/dags/main.py
[2026-05-22T09:40:05.182+0000] {logging_mixin.py:188} INFO - [2026-05-22T09:40:05.182+0000] {dag.py:3096} INFO - Sync 1 DAGs
[2026-05-22T09:40:05.211+0000] {logging_mixin.py:188} INFO - [2026-05-22T09:40:05.211+0000] {dag.py:3954} INFO - Setting next_dagrun for produce_json to 2026-05-21 11:00:00+00:00, run_after=2026-05-22 11:00:00+00:00
[2026-05-22T09:40:05.303+0000] {processor.py:183} INFO - Processing /opt/airflow/dags/main.py took 0.322 seconds
[2026-05-22T09:40:35.454+0000] {processor.py:161} INFO - Started process (PID=4782) to work on /opt/airflow/dags/main.py
[2026-05-22T09:40:35.457+0000] {processor.py:830} INFO - Processing file /opt/airflow/dags/main.py for tasks to queue
[2026-05-22T09:40:35.464+0000] {logging_mixin.py:188} INFO - [2026-05-22T09:40:35.463+0000] {dagbag.py:545} INFO - Filling up the DagBag from /opt/airflow/dags/main.py
[2026-05-22T09:40:35.606+0000] {processor.py:840} INFO - DAG(s) 'produce_json' retrieved from /opt/airflow/dags/main.py
[2026-05-22T09:40:35.645+0000] {logging_mixin.py:188} INFO - [2026-05-22T09:40:35.644+0000] {dag.py:3096} INFO - Sync 1 DAGs
[2026-05-22T09:40:35.672+0000] {logging_mixin.py:188} INFO - [2026-05-22T09:40:35.672+0000] {dag.py:3954} INFO - Setting next_dagrun for produce_json to 2026-05-21 11:00:00+00:00, run_after=2026-05-22 11:00:00+00:00
[2026-05-22T09:40:35.766+0000] {processor.py:183} INFO - Processing /opt/airflow/dags/main.py took 0.329 seconds
[2026-05-22T09:41:06.171+0000] {processor.py:161} INFO - Started process (PID=4789) to work on /opt/airflow/dags/main.py
[2026-05-22T09:41:06.174+0000] {processor.py:830} INFO - Processing file /opt/airflow/dags/main.py for tasks to queue
[2026-05-22T09:41:06.179+0000] {logging_mixin.py:188} INFO - [2026-05-22T09:41:06.178+0000] {dagbag.py:545} INFO - Filling up the DagBag from /opt/airflow/dags/main.py
[2026-05-22T09:41:06.321+0000] {processor.py:840} INFO - DAG(s) 'produce_json' retrieved from /opt/airflow/dags/main.py
[2026-05-22T09:41:06.362+0000] {logging_mixin.py:188} INFO - [2026-05-22T09:41:06.362+0000] {dag.py:3096} INFO - Sync 1 DAGs
[2026-05-22T09:41:06.411+0000] {logging_mixin.py:188} INFO - [2026-05-22T09:41:06.411+0000] {dag.py:3954} INFO - Setting next_dagrun for produce_json to 2026-05-21 11:00:00+00:00, run_after=2026-05-22 11:00:00+00:00
[2026-05-22T09:41:06.505+0000] {processor.py:183} INFO - Processing /opt/airflow/dags/main.py took 0.361 seconds
[2026-05-22T09:41:36.962+0000] {processor.py:161} INFO - Started process (PID=4796) to work on /opt/airflow/dags/main.py
[2026-05-22T09:41:36.964+0000] {processor.py:830} INFO - Processing file /opt/airflow/dags/main.py for tasks to queue
[2026-05-22T09:41:36.969+0000] {logging_mixin.py:188} INFO - [2026-05-22T09:41:36.968+0000] {dagbag.py:545} INFO - Filling up the DagBag from /opt/airflow/dags/main.py
[2026-05-22T09:41:37.110+0000] {processor.py:840} INFO - DAG(s) 'produce_json' retrieved from /opt/airflow/dags/main.py
[2026-05-22T09:41:37.146+0000] {logging_mixin.py:188} INFO - [2026-05-22T09:41:37.145+0000] {dag.py:3096} INFO - Sync 1 DAGs
[2026-05-22T09:41:37.174+0000] {logging_mixin.py:188} INFO - [2026-05-22T09:41:37.174+0000] {dag.py:3954} INFO - Setting next_dagrun for produce_json to 2026-05-21 11:00:00+00:00, run_after=2026-05-22 11:00:00+00:00
[2026-05-22T09:41:37.267+0000] {processor.py:183} INFO - Processing /opt/airflow/dags/main.py took 0.322 seconds
[2026-05-22T09:42:07.741+0000] {processor.py:161} INFO - Started process (PID=4804) to work on /opt/airflow/dags/main.py
[2026-05-22T09:42:07.744+0000] {processor.py:830} INFO - Processing file /opt/airflow/dags/main.py for tasks to queue
[2026-05-22T09:42:07.749+0000] {logging_mixin.py:188} INFO - [2026-05-22T09:42:07.749+0000] {dagbag.py:545} INFO - Filling up the DagBag from /opt/airflow/dags/main.py
[2026-05-22T09:42:07.893+0000] {processor.py:840} INFO - DAG(s) 'produce_json' retrieved from /opt/airflow/dags/main.py
[2026-05-22T09:42:07.927+0000] {logging_mixin.py:188} INFO - [2026-05-22T09:42:07.926+0000] {dag.py:3096} INFO - Sync 1 DAGs
[2026-05-22T09:42:07.951+0000] {logging_mixin.py:188} INFO - [2026-05-22T09:42:07.951+0000] {dag.py:3954} INFO - Setting next_dagrun for produce_json to 2026-05-21 11:00:00+00:00, run_after=2026-05-22 11:00:00+00:00
[2026-05-22T09:42:08.035+0000] {processor.py:183} INFO - Processing /opt/airflow/dags/main.py took 0.311 seconds
[2026-05-22T09:42:38.491+0000] {processor.py:161} INFO - Started process (PID=4811) to work on /opt/airflow/dags/main.py
[2026-05-22T09:42:38.493+0000] {processor.py:830} INFO - Processing file /opt/airflow/dags/main.py for tasks to queue
[2026-05-22T09:42:38.497+0000] {logging_mixin.py:188} INFO - [2026-05-22T09:42:38.496+0000] {dagbag.py:545} INFO - Filling up the DagBag from /opt/airflow/dags/main.py
[2026-05-22T09:42:38.587+0000] {processor.py:840} INFO - DAG(s) 'produce_json' retrieved from /opt/airflow/dags/main.py
[2026-05-22T09:42:38.631+0000] {logging_mixin.py:188} INFO - [2026-05-22T09:42:38.631+0000] {dag.py:3096} INFO - Sync 1 DAGs
[2026-05-22T09:42:38.664+0000] {logging_mixin.py:188} INFO - [2026-05-22T09:42:38.664+0000] {dag.py:3954} INFO - Setting next_dagrun for produce_json to 2026-05-21 11:00:00+00:00, run_after=2026-05-22 11:00:00+00:00
[2026-05-22T09:42:38.726+0000] {processor.py:183} INFO - Processing /opt/airflow/dags/main.py took 0.246 seconds
[2026-05-22T09:43:08.947+0000] {processor.py:161} INFO - Started process (PID=4818) to work on /opt/airflow/dags/main.py
[2026-05-22T09:43:08.950+0000] {processor.py:830} INFO - Processing file /opt/airflow/dags/main.py for tasks to queue
[2026-05-22T09:43:08.955+0000] {logging_mixin.py:188} INFO - [2026-05-22T09:43:08.955+0000] {dagbag.py:545} INFO - Filling up the DagBag from /opt/airflow/dags/main.py
[2026-05-22T09:43:09.062+0000] {processor.py:840} INFO - DAG(s) 'produce_json' retrieved from /opt/airflow/dags/main.py
[2026-05-22T09:43:09.098+0000] {logging_mixin.py:188} INFO - [2026-05-22T09:43:09.097+0000] {dag.py:3096} INFO - Sync 1 DAGs
[2026-05-22T09:43:09.122+0000] {logging_mixin.py:188} INFO - [2026-05-22T09:43:09.122+0000] {dag.py:3954} INFO - Setting next_dagrun for produce_json to 2026-05-21 11:00:00+00:00, run_after=2026-05-22 11:00:00+00:00
[2026-05-22T09:43:09.195+0000] {processor.py:183} INFO - Processing /opt/airflow/dags/main.py took 0.278 seconds
[2026-05-22T09:43:39.571+0000] {processor.py:161} INFO - Started process (PID=4831) to work on /opt/airflow/dags/main.py
[2026-05-22T09:43:39.574+0000] {processor.py:830} INFO - Processing file /opt/airflow/dags/main.py for tasks to queue
[2026-05-22T09:43:39.578+0000] {logging_mixin.py:188} INFO - [2026-05-22T09:43:39.577+0000] {dagbag.py:545} INFO - Filling up the DagBag from /opt/airflow/dags/main.py
[2026-05-22T09:43:39.703+0000] {processor.py:840} INFO - DAG(s) 'produce_json' retrieved from /opt/airflow/dags/main.py
[2026-05-22T09:43:39.738+0000] {logging_mixin.py:188} INFO - [2026-05-22T09:43:39.738+0000] {dag.py:3096} INFO - Sync 1 DAGs
[2026-05-22T09:43:39.766+0000] {logging_mixin.py:188} INFO - [2026-05-22T09:43:39.765+0000] {dag.py:3954} INFO - Setting next_dagrun for produce_json to 2026-05-21 11:00:00+00:00, run_after=2026-05-22 11:00:00+00:00
[2026-05-22T09:43:39.835+0000] {processor.py:183} INFO - Processing /opt/airflow/dags/main.py took 0.281 seconds
[2026-05-22T09:44:10.168+0000] {processor.py:161} INFO - Started process (PID=4838) to work on /opt/airflow/dags/main.py
[2026-05-22T09:44:10.171+0000] {processor.py:830} INFO - Processing file /opt/airflow/dags/main.py for tasks to queue
[2026-05-22T09:44:10.175+0000] {logging_mixin.py:188} INFO - [2026-05-22T09:44:10.174+0000] {dagbag.py:545} INFO - Filling up the DagBag from /opt/airflow/dags/main.py
[2026-05-22T09:44:10.290+0000] {processor.py:840} INFO - DAG(s) 'produce_json' retrieved from /opt/airflow/dags/main.py
[2026-05-22T09:44:10.340+0000] {logging_mixin.py:188} INFO - [2026-05-22T09:44:10.340+0000] {dag.py:3096} INFO - Sync 1 DAGs
[2026-05-22T09:44:10.369+0000] {logging_mixin.py:188} INFO - [2026-05-22T09:44:10.369+0000] {dag.py:3954} INFO - Setting next_dagrun for produce_json to 2026-05-21 11:00:00+00:00, run_after=2026-05-22 11:00:00+00:00
[2026-05-22T09:44:10.404+0000] {processor.py:183} INFO - Processing /opt/airflow/dags/main.py took 0.255 seconds
[2026-05-22T09:44:40.596+0000] {processor.py:161} INFO - Started process (PID=4845) to work on /opt/airflow/dags/main.py
[2026-05-22T09:44:40.599+0000] {processor.py:830} INFO - Processing file /opt/airflow/dags/main.py for tasks to queue
[2026-05-22T09:44:40.605+0000] {logging_mixin.py:188} INFO - [2026-05-22T09:44:40.604+0000] {dagbag.py:545} INFO - Filling up the DagBag from /opt/airflow/dags/main.py
[2026-05-22T09:44:40.744+0000] {processor.py:840} INFO - DAG(s) 'produce_json' retrieved from /opt/airflow/dags/main.py
[2026-05-22T09:44:40.783+0000] {logging_mixin.py:188} INFO - [2026-05-22T09:44:40.782+0000] {dag.py:3096} INFO - Sync 1 DAGs
[2026-05-22T09:44:40.810+0000] {logging_mixin.py:188} INFO - [2026-05-22T09:44:40.810+0000] {dag.py:3954} INFO - Setting next_dagrun for produce_json to 2026-05-21 11:00:00+00:00, run_after=2026-05-22 11:00:00+00:00
[2026-05-22T09:44:40.883+0000] {processor.py:183} INFO - Processing /opt/airflow/dags/main.py took 0.303 seconds
[2026-05-22T09:45:11.214+0000] {processor.py:161} INFO - Started process (PID=4852) to work on /opt/airflow/dags/main.py
[2026-05-22T09:45:11.217+0000] {processor.py:830} INFO - Processing file /opt/airflow/dags/main.py for tasks to queue
[2026-05-22T09:45:11.221+0000] {logging_mixin.py:188} INFO - [2026-05-22T09:45:11.221+0000] {dagbag.py:545} INFO - Filling up the DagBag from /opt/airflow/dags/main.py
[2026-05-22T09:45:11.331+0000] {processor.py:840} INFO - DAG(s) 'produce_json' retrieved from /opt/airflow/dags/main.py
[2026-05-22T09:45:11.364+0000] {logging_mixin.py:188} INFO - [2026-05-22T09:45:11.364+0000] {dag.py:3096} INFO - Sync 1 DAGs
[2026-05-22T09:45:11.392+0000] {logging_mixin.py:188} INFO - [2026-05-22T09:45:11.392+0000] {dag.py:3954} INFO - Setting next_dagrun for produce_json to 2026-05-21 11:00:00+00:00, run_after=2026-05-22 11:00:00+00:00
[2026-05-22T09:45:11.480+0000] {processor.py:183} INFO - Processing /opt/airflow/dags/main.py took 0.285 seconds
[2026-05-22T09:45:41.659+0000] {processor.py:161} INFO - Started process (PID=4859) to work on /opt/airflow/dags/main.py
[2026-05-22T09:45:41.661+0000] {processor.py:830} INFO - Processing file /opt/airflow/dags/main.py for tasks to queue
[2026-05-22T09:45:41.666+0000] {logging_mixin.py:188} INFO - [2026-05-22T09:45:41.665+0000] {dagbag.py:545} INFO - Filling up the DagBag from /opt/airflow/dags/main.py
[2026-05-22T09:45:41.778+0000] {processor.py:840} INFO - DAG(s) 'produce_json' retrieved from /opt/airflow/dags/main.py
[2026-05-22T09:45:41.826+0000] {logging_mixin.py:188} INFO - [2026-05-22T09:45:41.825+0000] {dag.py:3096} INFO - Sync 1 DAGs
[2026-05-22T09:45:41.858+0000] {logging_mixin.py:188} INFO - [2026-05-22T09:45:41.858+0000] {dag.py:3954} INFO - Setting next_dagrun for produce_json to 2026-05-21 11:00:00+00:00, run_after=2026-05-22 11:00:00+00:00
[2026-05-22T09:45:41.885+0000] {processor.py:183} INFO - Processing /opt/airflow/dags/main.py took 0.239 seconds
[2026-05-22T09:46:12.314+0000] {processor.py:161} INFO - Started process (PID=4866) to work on /opt/airflow/dags/main.py
[2026-05-22T09:46:12.316+0000] {processor.py:830} INFO - Processing file /opt/airflow/dags/main.py for tasks to queue
[2026-05-22T09:46:12.321+0000] {logging_mixin.py:188} INFO - [2026-05-22T09:46:12.321+0000] {dagbag.py:545} INFO - Filling up the DagBag from /opt/airflow/dags/main.py
[2026-05-22T09:46:12.470+0000] {processor.py:840} INFO - DAG(s) 'produce_json' retrieved from /opt/airflow/dags/main.py
[2026-05-22T09:46:12.514+0000] {logging_mixin.py:188} INFO - [2026-05-22T09:46:12.514+0000] {dag.py:3096} INFO - Sync 1 DAGs
[2026-05-22T09:46:12.541+0000] {logging_mixin.py:188} INFO - [2026-05-22T09:46:12.540+0000] {dag.py:3954} INFO - Setting next_dagrun for produce_json to 2026-05-21 11:00:00+00:00, run_after=2026-05-22 11:00:00+00:00
[2026-05-22T09:46:12.563+0000] {processor.py:183} INFO - Processing /opt/airflow/dags/main.py took 0.261 seconds
[2026-05-22T09:53:47.273+0000] {processor.py:161} INFO - Started process (PID=4872) to work on /opt/airflow/dags/main.py
[2026-05-22T09:53:47.275+0000] {processor.py:830} INFO - Processing file /opt/airflow/dags/main.py for tasks to queue
[2026-05-22T09:53:47.279+0000] {logging_mixin.py:188} INFO - [2026-05-22T09:53:47.278+0000] {dagbag.py:545} INFO - Filling up the DagBag from /opt/airflow/dags/main.py
[2026-05-22T09:53:47.660+0000] {processor.py:840} INFO - DAG(s) 'produce_json' retrieved from /opt/airflow/dags/main.py
[2026-05-22T09:53:47.836+0000] {logging_mixin.py:188} INFO - [2026-05-22T09:53:47.835+0000] {dag.py:3096} INFO - Sync 1 DAGs
[2026-05-22T09:53:48.009+0000] {logging_mixin.py:188} INFO - [2026-05-22T09:53:47.997+0000] {dag.py:3954} INFO - Setting next_dagrun for produce_json to 2026-05-21 11:00:00+00:00, run_after=2026-05-22 11:00:00+00:00
[2026-05-22T09:53:48.086+0000] {processor.py:183} INFO - Processing /opt/airflow/dags/main.py took 0.831 seconds
[2026-05-22T09:54:18.234+0000] {processor.py:161} INFO - Started process (PID=4879) to work on /opt/airflow/dags/main.py
[2026-05-22T09:54:18.236+0000] {processor.py:830} INFO - Processing file /opt/airflow/dags/main.py for tasks to queue
[2026-05-22T09:54:18.238+0000] {logging_mixin.py:188} INFO - [2026-05-22T09:54:18.237+0000] {dagbag.py:545} INFO - Filling up the DagBag from /opt/airflow/dags/main.py
[2026-05-22T09:54:18.319+0000] {processor.py:840} INFO - DAG(s) 'produce_json' retrieved from /opt/airflow/dags/main.py
[2026-05-22T09:54:18.349+0000] {logging_mixin.py:188} INFO - [2026-05-22T09:54:18.349+0000] {dag.py:3096} INFO - Sync 1 DAGs
[2026-05-22T09:54:18.369+0000] {logging_mixin.py:188} INFO - [2026-05-22T09:54:18.369+0000] {dag.py:3954} INFO - Setting next_dagrun for produce_json to 2026-05-21 11:00:00+00:00, run_after=2026-05-22 11:00:00+00:00
[2026-05-22T09:54:18.394+0000] {processor.py:183} INFO - Processing /opt/airflow/dags/main.py took 0.166 seconds
[2026-05-22T09:54:48.575+0000] {processor.py:161} INFO - Started process (PID=4886) to work on /opt/airflow/dags/main.py
[2026-05-22T09:54:48.577+0000] {processor.py:830} INFO - Processing file /opt/airflow/dags/main.py for tasks to queue
[2026-05-22T09:54:48.579+0000] {logging_mixin.py:188} INFO - [2026-05-22T09:54:48.578+0000] {dagbag.py:545} INFO - Filling up the DagBag from /opt/airflow/dags/main.py
[2026-05-22T09:54:48.673+0000] {processor.py:840} INFO - DAG(s) 'produce_json' retrieved from /opt/airflow/dags/main.py
[2026-05-22T09:54:48.712+0000] {logging_mixin.py:188} INFO - [2026-05-22T09:54:48.712+0000] {dag.py:3096} INFO - Sync 1 DAGs
[2026-05-22T09:54:48.743+0000] {logging_mixin.py:188} INFO - [2026-05-22T09:54:48.743+0000] {dag.py:3954} INFO - Setting next_dagrun for produce_json to 2026-05-21 11:00:00+00:00, run_after=2026-05-22 11:00:00+00:00
[2026-05-22T09:54:48.768+0000] {processor.py:183} INFO - Processing /opt/airflow/dags/main.py took 0.202 seconds
[2026-05-22T12:55:17.750+0000] {processor.py:161} INFO - Started process (PID=4892) to work on /opt/airflow/dags/main.py
[2026-05-22T12:55:17.764+0000] {processor.py:830} INFO - Processing file /opt/airflow/dags/main.py for tasks to queue
[2026-05-22T12:55:17.784+0000] {logging_mixin.py:188} INFO - [2026-05-22T12:55:17.783+0000] {dagbag.py:545} INFO - Filling up the DagBag from /opt/airflow/dags/main.py
[2026-05-22T12:55:18.019+0000] {processor.py:840} INFO - DAG(s) 'produce_json' retrieved from /opt/airflow/dags/main.py
[2026-05-22T12:55:18.104+0000] {logging_mixin.py:188} INFO - [2026-05-22T12:55:18.103+0000] {dag.py:3096} INFO - Sync 1 DAGs
[2026-05-22T12:55:18.199+0000] {logging_mixin.py:188} INFO - [2026-05-22T12:55:18.199+0000] {dag.py:3954} INFO - Setting next_dagrun for produce_json to 2026-05-22 11:00:00+00:00, run_after=2026-05-23 11:00:00+00:00
[2026-05-22T12:55:18.262+0000] {processor.py:183} INFO - Processing /opt/airflow/dags/main.py took 0.577 seconds
[2026-05-22T16:59:00.047+0000] {processor.py:161} INFO - Started process (PID=4893) to work on /opt/airflow/dags/main.py
[2026-05-22T16:59:00.049+0000] {processor.py:830} INFO - Processing file /opt/airflow/dags/main.py for tasks to queue
[2026-05-22T16:59:00.053+0000] {logging_mixin.py:188} INFO - [2026-05-22T16:59:00.053+0000] {dagbag.py:545} INFO - Filling up the DagBag from /opt/airflow/dags/main.py
[2026-05-22T16:59:00.225+0000] {processor.py:840} INFO - DAG(s) 'produce_json' retrieved from /opt/airflow/dags/main.py
[2026-05-22T16:59:00.364+0000] {logging_mixin.py:188} INFO - [2026-05-22T16:59:00.364+0000] {dag.py:3096} INFO - Sync 1 DAGs
[2026-05-22T16:59:00.442+0000] {logging_mixin.py:188} INFO - [2026-05-22T16:59:00.441+0000] {dag.py:3954} INFO - Setting next_dagrun for produce_json to 2026-05-22 11:00:00+00:00, run_after=2026-05-23 11:00:00+00:00
[2026-05-22T16:59:00.498+0000] {processor.py:183} INFO - Processing /opt/airflow/dags/main.py took 0.464 seconds
