[2026-05-30T08:00:13.184+0000] {local_task_job_runner.py:120} INFO - ::group::Pre task execution logs
[2026-05-30T08:00:13.214+0000] {taskinstance.py:2076} INFO - Dependencies all met for dep_context=non-requeueable deps ti=<TaskInstance: update_db.core_table manual__2026-05-30T08:00:02.492654+00:00 [queued]>
[2026-05-30T08:00:13.227+0000] {taskinstance.py:2076} INFO - Dependencies all met for dep_context=requeueable deps ti=<TaskInstance: update_db.core_table manual__2026-05-30T08:00:02.492654+00:00 [queued]>
[2026-05-30T08:00:13.228+0000] {taskinstance.py:2306} INFO - Starting attempt 1 of 1
[2026-05-30T08:00:13.245+0000] {taskinstance.py:2330} INFO - Executing <Task(_PythonDecoratedOperator): core_table> on 2026-05-30 08:00:02.492654+00:00
[2026-05-30T08:00:13.252+0000] {standard_task_runner.py:63} INFO - Started process 1180 to run task
[2026-05-30T08:00:13.257+0000] {standard_task_runner.py:90} INFO - Running: ['airflow', 'tasks', 'run', 'update_db', 'core_table', 'manual__2026-05-30T08:00:02.492654+00:00', '--job-id', '60', '--raw', '--subdir', 'DAGS_FOLDER/main.py', '--cfg-path', '/tmp/tmp0apfks2l']
[2026-05-30T08:00:13.259+0000] {standard_task_runner.py:91} INFO - Job 60: Subtask core_table
[2026-05-30T08:00:13.346+0000] {task_command.py:426} INFO - Running <TaskInstance: update_db.core_table manual__2026-05-30T08:00:02.492654+00:00 [running]> on host a3cc3fb864ad
[2026-05-30T08:00:13.478+0000] {taskinstance.py:2648} INFO - Exporting env vars: AIRFLOW_CTX_DAG_EMAIL='data@engineers.com' AIRFLOW_CTX_DAG_OWNER='dataengineers' AIRFLOW_CTX_DAG_ID='update_db' AIRFLOW_CTX_TASK_ID='core_table' AIRFLOW_CTX_EXECUTION_DATE='2026-05-30T08:00:02.492654+00:00' AIRFLOW_CTX_TRY_NUMBER='1' AIRFLOW_CTX_DAG_RUN_ID='manual__2026-05-30T08:00:02.492654+00:00'
[2026-05-30T08:00:13.480+0000] {taskinstance.py:430} INFO - ::endgroup::
[2026-05-30T08:00:13.491+0000] {base.py:84} INFO - Using connection ID 'postgres_db_yt_elt' for task execution.
[2026-05-30T08:00:13.499+0000] {base.py:84} INFO - Using connection ID 'postgres_db_yt_elt' for task execution.
[2026-05-30T08:00:13.507+0000] {base.py:84} INFO - Using connection ID 'postgres_db_yt_elt' for task execution.
[2026-05-30T08:00:13.519+0000] {data_modification.py:80} INFO - Update row with video_id: mktYW177p6U
[2026-05-30T08:00:13.522+0000] {data_modification.py:80} INFO - Update row with video_id: lQz5aqjZ3lQ
[2026-05-30T08:00:13.524+0000] {data_modification.py:80} INFO - Update row with video_id: DBPYB8WkkDc
[2026-05-30T08:00:13.527+0000] {data_modification.py:80} INFO - Update row with video_id: mKdjycj-7eE
[2026-05-30T08:00:13.529+0000] {data_modification.py:80} INFO - Update row with video_id: ooAwCOP67GQ
[2026-05-30T08:00:13.533+0000] {data_modification.py:80} INFO - Update row with video_id: ayXxwJJId_c
[2026-05-30T08:00:13.535+0000] {data_modification.py:80} INFO - Update row with video_id: wMuYiLby3-s
[2026-05-30T08:00:13.538+0000] {data_modification.py:80} INFO - Update row with video_id: 9cCpZl8euLI
[2026-05-30T08:00:13.541+0000] {data_modification.py:80} INFO - Update row with video_id: -0zoWMSEOGg
[2026-05-30T08:00:13.544+0000] {data_modification.py:80} INFO - Update row with video_id: YR6Wh2Zy9jE
[2026-05-30T08:00:13.547+0000] {data_modification.py:80} INFO - Update row with video_id: dJCsc_Cq9i4
[2026-05-30T08:00:13.550+0000] {data_modification.py:80} INFO - Update row with video_id: m3Ol8zn7brk
[2026-05-30T08:00:13.552+0000] {data_modification.py:80} INFO - Update row with video_id: g4DAFnZcCcQ
[2026-05-30T08:00:13.555+0000] {data_modification.py:80} INFO - Update row with video_id: 2XVcLrB7B3Y
[2026-05-30T08:00:13.557+0000] {data_modification.py:80} INFO - Update row with video_id: 3LuchpUc7PU
[2026-05-30T08:00:13.560+0000] {data_modification.py:80} INFO - Update row with video_id: jGE1sUTeR5g
[2026-05-30T08:00:13.562+0000] {data_modification.py:80} INFO - Update row with video_id: oZ-Mn5p1xMw
[2026-05-30T08:00:13.565+0000] {data_modification.py:80} INFO - Update row with video_id: 2ljWxaMvE_0
[2026-05-30T08:00:13.568+0000] {data_modification.py:80} INFO - Update row with video_id: TGKkMl17Htg
[2026-05-30T08:00:13.571+0000] {data_modification.py:80} INFO - Update row with video_id: H_DYlka7QAQ
[2026-05-30T08:00:13.571+0000] {dwh.py:96} INFO - core table update completed
[2026-05-30T08:00:13.572+0000] {python.py:237} INFO - Done. Returned value was: None
[2026-05-30T08:00:13.575+0000] {taskinstance.py:441} INFO - ::group::Post task execution logs
[2026-05-30T08:00:13.587+0000] {taskinstance.py:1206} INFO - Marking task as SUCCESS. dag_id=update_db, task_id=core_table, run_id=manual__2026-05-30T08:00:02.492654+00:00, execution_date=20260530T080002, start_date=20260530T080013, end_date=20260530T080013
[2026-05-30T08:00:13.631+0000] {local_task_job_runner.py:240} INFO - Task exited with return code 0
[2026-05-30T08:00:13.658+0000] {taskinstance.py:3503} INFO - 1 downstream tasks scheduled from follow-on schedule check
[2026-05-30T08:00:13.660+0000] {local_task_job_runner.py:222} INFO - ::endgroup::
