[2026-05-26T11:29:21.779+0000] {local_task_job_runner.py:120} INFO - ::group::Pre task execution logs
[2026-05-26T11:29:21.807+0000] {taskinstance.py:2076} INFO - Dependencies all met for dep_context=non-requeueable deps ti=<TaskInstance: update_db.core_table manual__2026-05-26T11:29:17.663967+00:00 [queued]>
[2026-05-26T11:29:21.819+0000] {taskinstance.py:2076} INFO - Dependencies all met for dep_context=requeueable deps ti=<TaskInstance: update_db.core_table manual__2026-05-26T11:29:17.663967+00:00 [queued]>
[2026-05-26T11:29:21.820+0000] {taskinstance.py:2306} INFO - Starting attempt 1 of 1
[2026-05-26T11:29:21.843+0000] {taskinstance.py:2330} INFO - Executing <Task(_PythonDecoratedOperator): core_table> on 2026-05-26 11:29:17.663967+00:00
[2026-05-26T11:29:21.850+0000] {standard_task_runner.py:63} INFO - Started process 601 to run task
[2026-05-26T11:29:21.857+0000] {standard_task_runner.py:90} INFO - Running: ['airflow', 'tasks', 'run', 'update_db', 'core_table', 'manual__2026-05-26T11:29:17.663967+00:00', '--job-id', '64', '--raw', '--subdir', 'DAGS_FOLDER/main.py', '--cfg-path', '/tmp/tmp_t86v2zs']
[2026-05-26T11:29:21.860+0000] {standard_task_runner.py:91} INFO - Job 64: Subtask core_table
[2026-05-26T11:29:21.977+0000] {task_command.py:426} INFO - Running <TaskInstance: update_db.core_table manual__2026-05-26T11:29:17.663967+00:00 [running]> on host 9a60ef36f17b
[2026-05-26T11:29:22.198+0000] {taskinstance.py:2648} INFO - Exporting env vars: AIRFLOW_CTX_DAG_EMAIL='data@engineers.com' AIRFLOW_CTX_DAG_OWNER='dataengineers' AIRFLOW_CTX_DAG_ID='update_db' AIRFLOW_CTX_TASK_ID='core_table' AIRFLOW_CTX_EXECUTION_DATE='2026-05-26T11:29:17.663967+00:00' AIRFLOW_CTX_TRY_NUMBER='1' AIRFLOW_CTX_DAG_RUN_ID='manual__2026-05-26T11:29:17.663967+00:00'
[2026-05-26T11:29:22.201+0000] {taskinstance.py:430} INFO - ::endgroup::
[2026-05-26T11:29:22.216+0000] {base.py:84} INFO - Using connection ID 'postgres_db_yt_elt' for task execution.
[2026-05-26T11:29:22.227+0000] {base.py:84} INFO - Using connection ID 'postgres_db_yt_elt' for task execution.
[2026-05-26T11:29:22.237+0000] {base.py:84} INFO - Using connection ID 'postgres_db_yt_elt' for task execution.
[2026-05-26T11:29:22.286+0000] {dwh.py:96} INFO - core table update completed
[2026-05-26T11:29:22.287+0000] {python.py:237} INFO - Done. Returned value was: None
[2026-05-26T11:29:22.290+0000] {taskinstance.py:441} INFO - ::group::Post task execution logs
[2026-05-26T11:29:22.304+0000] {taskinstance.py:1206} INFO - Marking task as SUCCESS. dag_id=update_db, task_id=core_table, run_id=manual__2026-05-26T11:29:17.663967+00:00, execution_date=20260526T112917, start_date=20260526T112921, end_date=20260526T112922
[2026-05-26T11:29:22.353+0000] {local_task_job_runner.py:240} INFO - Task exited with return code 0
[2026-05-26T11:29:22.396+0000] {taskinstance.py:3503} INFO - 0 downstream tasks scheduled from follow-on schedule check
[2026-05-26T11:29:22.400+0000] {local_task_job_runner.py:222} INFO - ::endgroup::
